<?xml version="1.0" encoding="UTF-8" standalone="no"?>
<contestStandings>
  <standingsHeader currentDate="Tue Apr 18 18:27:44 PDT 2017" generatorId="$Id$" groupCount="1" medianProblemsSolved="0" problemCount="6" problemsAttempted="2" siteCount="3" systemName="CSUS Programming Contest System" systemURL="http://pc2.ecs.csus.edu/" systemVersion="9.2 20170418 build 610" title="Programming Contest" totalAttempts="3" totalSolved="3">
    <groupList/>
    <colorList>
      <colors id="1" siteNum="3">
        <problem color="Alice Blue" id="1"/>
        <problem color="Antique White" id="2"/>
        <problem color="Aqua" id="3"/>
        <problem color="Aquamarine" id="4"/>
        <problem color="Azure" id="5"/>
        <problem color="Beige" id="6"/>
      </colors>
    </colorList>
    <problem attempts="1" bestSolutionTime="0" id="1" lastSolutionTime="0" numberSolved="1" title="Sumit"/>
    <problem attempts="2" bestSolutionTime="0" id="2" lastSolutionTime="0" numberSolved="2" title="Quadrangles"/>
    <problem attempts="0" id="3" numberSolved="0" title="Routing"/>
    <problem attempts="0" id="4" numberSolved="0" title="Faulty Towers"/>
    <problem attempts="0" id="5" numberSolved="0" title="London Bridge"/>
    <problem attempts="0" id="6" numberSolved="0" title="Finnigans Bluff"/>
  </standingsHeader>
  <teamStanding firstSolved="0" index="0" lastSolved="0" points="0" problemsAttempted="1" rank="1" solved="1" teamAlias="team25 (not aliasesd)" teamExternalId="3025" teamId="25" teamKey="3TEAM25" teamName="team25" teamSiteId="3" totalAttempts="1">
    <problemSummaryInfo attempts="1" index="1" isPending="false" isSolved="true" points="0" problemId="Sumit-4650904555601183866" solutionTime="0"/>
    <problemSummaryInfo attempts="0" index="2" isPending="false" isSolved="false" points="0" problemId="Quadrangles-6458124558755971533" solutionTime="0"/>
    <problemSummaryInfo attempts="0" index="3" isPending="false" isSolved="false" points="0" problemId="Routing-834357979615320098" solutionTime="0"/>
    <problemSummaryInfo attempts="0" index="4" isPending="false" isSolved="false" points="0" problemId="Faulty Towers--8192971929586764319" solutionTime="0"/>
    <problemSummaryInfo attempts="0" index="5" isPending="false" isSolved="false" points="0" problemId="London Bridge--3936367307030834338" solutionTime="0"/>
    <problemSummaryInfo attempts="0" index="6" isPending="false" isSolved="false" points="0" problemId="Finnigans Bluff--7882699855589292440" solutionTime="0"/>
  </teamStanding>
  <teamStanding firstSolved="0" index="1" lastSolved="0" points="0" problemsAttempted="1" rank="1" solved="1" teamAlias="team30 (not aliasesd)" teamExternalId="3030" teamId="30" teamKey="3TEAM30" teamName="team30" teamSiteId="3" totalAttempts="1">
    <problemSummaryInfo attempts="0" index="1" isPending="false" isSolved="false" points="0" problemId="Sumit-4650904555601183866" solutionTime="0"/>
    <problemSummaryInfo attempts="1" index="2" isPending="false" isSolved="true" points="0" problemId="Quadrangles-6458124558755971533" solutionTime="0"/>
    <problemSummaryInfo attempts="0" index="3" isPending="false" isSolved="false" points="0" problemId="Routing-834357979615320098" solutionTime="0"/>
    <problemSummaryInfo attempts="0" index="4" isPending="false" isSolved="false" points="0" problemId="Faulty Towers--8192971929586764319" solutionTime="0"/>
    <problemSummaryInfo attempts="0" index="5" isPending="false" isSolved="false" points="0" problemId="London Bridge--3936367307030834338" solutionTime="0"/>
    <problemSummaryInfo attempts="0" index="6" isPending="false" isSolved="false" points="0" problemId="Finnigans Bluff--7882699855589292440" solutionTime="0"/>
  </teamStanding>
  <teamStanding firstSolved="0" index="2" lastSolved="0" points="0" problemsAttempted="1" rank="1" solved="1" teamAlias="team90 (not aliasesd)" teamExternalId="3090" teamId="90" teamKey="3TEAM90" teamName="team90" teamSiteId="3" totalAttempts="1">
    <problemSummaryInfo attempts="0" index="1" isPending="false" isSolved="false" points="0" problemId="Sumit-4650904555601183866" solutionTime="0"/>
    <problemSummaryInfo attempts="1" index="2" isPending="false" isSolved="true" points="0" problemId="Quadrangles-6458124558755971533" solutionTime="0"/>
    <problemSummaryInfo attempts="0" index="3" isPending="false" isSolved="false" points="0" problemId="Routing-834357979615320098" solutionTime="0"/>
    <problemSummaryInfo attempts="0" index="4" isPending="false" isSolved="false" points="0" problemId="Faulty Towers--8192971929586764319" solutionTime="0"/>
    <problemSummaryInfo attempts="0" index="5" isPending="false" isSolved="false" points="0" problemId="London Bridge--3936367307030834338" solutionTime="0"/>
    <problemSummaryInfo attempts="0" index="6" isPending="false" isSolved="false" points="0" problemId="Finnigans Bluff--7882699855589292440" solutionTime="0"/>
  </teamStanding>
  <teamStanding firstSolved="-1" index="3" lastSolved="0" points="0" problemsAttempted="0" rank="4" solved="0" teamAlias="team1 (not aliasesd)" teamExternalId="3001" teamId="1" teamKey="3TEAM1" teamName="team1" teamSiteId="3" totalAttempts="0">
    <problemSummaryInfo attempts="0" index="1" isPending="false" isSolved="false" points="0" problemId="Sumit-4650904555601183866" solutionTime="0"/>
    <problemSummaryInfo attempts="0" index="2" isPending="false" isSolved="false" points="0" problemId="Quadrangles-6458124558755971533" solutionTime="0"/>
    <problemSummaryInfo attempts="0" index="3" isPending="false" isSolved="false" points="0" problemId="Routing-834357979615320098" solutionTime="0"/>
    <problemSummaryInfo attempts="0" index="4" isPending="false" isSolved="false" points="0" problemId="Faulty Towers--8192971929586764319" solutionTime="0"/>
    <problemSummaryInfo attempts="0" index="5" isPending="false" isSolved="false" points="0" problemId="London Bridge--3936367307030834338" solutionTime="0"/>
    <problemSummaryInfo attempts="0" index="6" isPending="false" isSolved="false" points="0" problemId="Finnigans Bluff--7882699855589292440" solutionTime="0"/>
  </teamStanding>
  <teamStanding firstSolved="-1" index="4" lastSolved="0" points="0" problemsAttempted="0" rank="4" solved="0" teamAlias="team2 (not aliasesd)" teamExternalId="3002" teamId="2" teamKey="3TEAM2" teamName="team2" teamSiteId="3" totalAttempts="0">
    <problemSummaryInfo attempts="0" index="1" isPending="false" isSolved="false" points="0" problemId="Sumit-4650904555601183866" solutionTime="0"/>
    <problemSummaryInfo attempts="0" index="2" isPending="false" isSolved="false" points="0" problemId="Quadrangles-6458124558755971533" solutionTime="0"/>
    <problemSummaryInfo attempts="0" index="3" isPending="false" isSolved="false" points="0" problemId="Routing-834357979615320098" solutionTime="0"/>
    <problemSummaryInfo attempts="0" index="4" isPending="false" isSolved="false" points="0" problemId="Faulty Towers--8192971929586764319" solutionTime="0"/>
    <problemSummaryInfo attempts="0" index="5" isPending="false" isSolved="false" points="0" problemId="London Bridge--3936367307030834338" solutionTime="0"/>
    <problemSummaryInfo attempts="0" index="6" isPending="false" isSolved="false" points="0" problemId="Finnigans Bluff--7882699855589292440" solutionTime="0"/>
  </teamStanding>
  <teamStanding firstSolved="-1" index="5" lastSolved="0" points="0" problemsAttempted="0" rank="4" solved="0" teamAlias="team3 (not aliasesd)" teamExternalId="3003" teamId="3" teamKey="3TEAM3" teamName="team3" teamSiteId="3" totalAttempts="0">
    <problemSummaryInfo attempts="0" index="1" isPending="false" isSolved="false" points="0" problemId="Sumit-4650904555601183866" solutionTime="0"/>
    <problemSummaryInfo attempts="0" index="2" isPending="false" isSolved="false" points="0" problemId="Quadrangles-6458124558755971533" solutionTime="0"/>
    <problemSummaryInfo attempts="0" index="3" isPending="false" isSolved="false" points="0" problemId="Routing-834357979615320098" solutionTime="0"/>
    <problemSummaryInfo attempts="0" index="4" isPending="false" isSolved="false" points="0" problemId="Faulty Towers--8192971929586764319" solutionTime="0"/>
    <problemSummaryInfo attempts="0" index="5" isPending="false" isSolved="false" points="0" problemId="London Bridge--3936367307030834338" solutionTime="0"/>
    <problemSummaryInfo attempts="0" index="6" isPending="false" isSolved="false" points="0" problemId="Finnigans Bluff--7882699855589292440" solutionTime="0"/>
  </teamStanding>
  <teamStanding firstSolved="-1" index="6" lastSolved="0" points="0" problemsAttempted="0" rank="4" solved="0" teamAlias="team4 (not aliasesd)" teamExternalId="3004" teamId="4" teamKey="3TEAM4" teamName="team4" teamSiteId="3" totalAttempts="0">
    <problemSummaryInfo attempts="0" index="1" isPending="false" isSolved="false" points="0" problemId="Sumit-4650904555601183866" solutionTime="0"/>
    <problemSummaryInfo attempts="0" index="2" isPending="false" isSolved="false" points="0" problemId="Quadrangles-6458124558755971533" solutionTime="0"/>
    <problemSummaryInfo attempts="0" index="3" isPending="false" isSolved="false" points="0" problemId="Routing-834357979615320098" solutionTime="0"/>
    <problemSummaryInfo attempts="0" index="4" isPending="false" isSolved="false" points="0" problemId="Faulty Towers--8192971929586764319" solutionTime="0"/>
    <problemSummaryInfo attempts="0" index="5" isPending="false" isSolved="false" points="0" problemId="London Bridge--3936367307030834338" solutionTime="0"/>
    <problemSummaryInfo attempts="0" index="6" isPending="false" isSolved="false" points="0" problemId="Finnigans Bluff--7882699855589292440" solutionTime="0"/>
  </teamStanding>
  <teamStanding firstSolved="-1" index="7" lastSolved="0" points="0" problemsAttempted="0" rank="4" solved="0" teamAlias="team5 (not aliasesd)" teamExternalId="3005" teamId="5" teamKey="3TEAM5" teamName="team5" teamSiteId="3" totalAttempts="0">
    <problemSummaryInfo attempts="0" index="1" isPending="false" isSolved="false" points="0" problemId="Sumit-4650904555601183866" solutionTime="0"/>
    <problemSummaryInfo attempts="0" index="2" isPending="false" isSolved="false" points="0" problemId="Quadrangles-6458124558755971533" solutionTime="0"/>
    <problemSummaryInfo attempts="0" index="3" isPending="false" isSolved="false" points="0" problemId="Routing-834357979615320098" solutionTime="0"/>
    <problemSummaryInfo attempts="0" index="4" isPending="false" isSolved="false" points="0" problemId="Faulty Towers--8192971929586764319" solutionTime="0"/>
    <problemSummaryInfo attempts="0" index="5" isPending="false" isSolved="false" points="0" problemId="London Bridge--3936367307030834338" solutionTime="0"/>
    <problemSummaryInfo attempts="0" index="6" isPending="false" isSolved="false" points="0" problemId="Finnigans Bluff--7882699855589292440" solutionTime="0"/>
  </teamStanding>
  <teamStanding firstSolved="-1" index="8" lastSolved="0" points="0" problemsAttempted="0" rank="4" solved="0" teamAlias="team6 (not aliasesd)" teamExternalId="3006" teamId="6" teamKey="3TEAM6" teamName="team6" teamSiteId="3" totalAttempts="0">
    <problemSummaryInfo attempts="0" index="1" isPending="false" isSolved="false" points="0" problemId="Sumit-4650904555601183866" solutionTime="0"/>
    <problemSummaryInfo attempts="0" index="2" isPending="false" isSolved="false" points="0" problemId="Quadrangles-6458124558755971533" solutionTime="0"/>
    <problemSummaryInfo attempts="0" index="3" isPending="false" isSolved="false" points="0" problemId="Routing-834357979615320098" solutionTime="0"/>
    <problemSummaryInfo attempts="0" index="4" isPending="false" isSolved="false" points="0" problemId="Faulty Towers--8192971929586764319" solutionTime="0"/>
    <problemSummaryInfo attempts="0" index="5" isPending="false" isSolved="false" points="0" problemId="London Bridge--3936367307030834338" solutionTime="0"/>
    <problemSummaryInfo attempts="0" index="6" isPending="false" isSolved="false" points="0" problemId="Finnigans Bluff--7882699855589292440" solutionTime="0"/>
  </teamStanding>
  <teamStanding firstSolved="-1" index="9" lastSolved="0" points="0" problemsAttempted="0" rank="4" solved="0" teamAlias="team7 (not aliasesd)" teamExternalId="3007" teamId="7" teamKey="3TEAM7" teamName="team7" teamSiteId="3" totalAttempts="0">
    <problemSummaryInfo attempts="0" index="1" isPending="false" isSolved="false" points="0" problemId="Sumit-4650904555601183866" solutionTime="0"/>
    <problemSummaryInfo attempts="0" index="2" isPending="false" isSolved="false" points="0" problemId="Quadrangles-6458124558755971533" solutionTime="0"/>
    <problemSummaryInfo attempts="0" index="3" isPending="false" isSolved="false" points="0" problemId="Routing-834357979615320098" solutionTime="0"/>
    <problemSummaryInfo attempts="0" index="4" isPending="false" isSolved="false" points="0" problemId="Faulty Towers--8192971929586764319" solutionTime="0"/>
    <problemSummaryInfo attempts="0" index="5" isPending="false" isSolved="false" points="0" problemId="London Bridge--3936367307030834338" solutionTime="0"/>
    <problemSummaryInfo attempts="0" index="6" isPending="false" isSolved="false" points="0" problemId="Finnigans Bluff--7882699855589292440" solutionTime="0"/>
  </teamStanding>
  <teamStanding firstSolved="-1" index="10" lastSolved="0" points="0" problemsAttempted="0" rank="4" solved="0" teamAlias="team8 (not aliasesd)" teamExternalId="3008" teamId="8" teamKey="3TEAM8" teamName="team8" teamSiteId="3" totalAttempts="0">
    <problemSummaryInfo attempts="0" index="1" isPending="false" isSolved="false" points="0" problemId="Sumit-4650904555601183866" solutionTime="0"/>
    <problemSummaryInfo attempts="0" index="2" isPending="false" isSolved="false" points="0" problemId="Quadrangles-6458124558755971533" solutionTime="0"/>
    <problemSummaryInfo attempts="0" index="3" isPending="false" isSolved="false" points="0" problemId="Routing-834357979615320098" solutionTime="0"/>
    <problemSummaryInfo attempts="0" index="4" isPending="false" isSolved="false" points="0" problemId="Faulty Towers--8192971929586764319" solutionTime="0"/>
    <problemSummaryInfo attempts="0" index="5" isPending="false" isSolved="false" points="0" problemId="London Bridge--3936367307030834338" solutionTime="0"/>
    <problemSummaryInfo attempts="0" index="6" isPending="false" isSolved="false" points="0" problemId="Finnigans Bluff--7882699855589292440" solutionTime="0"/>
  </teamStanding>
  <teamStanding firstSolved="-1" index="11" lastSolved="0" points="0" problemsAttempted="0" rank="4" solved="0" teamAlias="team9 (not aliasesd)" teamExternalId="3009" teamId="9" teamKey="3TEAM9" teamName="team9" teamSiteId="3" totalAttempts="0">
    <problemSummaryInfo attempts="0" index="1" isPending="false" isSolved="false" points="0" problemId="Sumit-4650904555601183866" solutionTime="0"/>
    <problemSummaryInfo attempts="0" index="2" isPending="false" isSolved="false" points="0" problemId="Quadrangles-6458124558755971533" solutionTime="0"/>
    <problemSummaryInfo attempts="0" index="3" isPending="false" isSolved="false" points="0" problemId="Routing-834357979615320098" solutionTime="0"/>
    <problemSummaryInfo attempts="0" index="4" isPending="false" isSolved="false" points="0" problemId="Faulty Towers--8192971929586764319" solutionTime="0"/>
    <problemSummaryInfo attempts="0" index="5" isPending="false" isSolved="false" points="0" problemId="London Bridge--3936367307030834338" solutionTime="0"/>
    <problemSummaryInfo attempts="0" index="6" isPending="false" isSolved="false" points="0" problemId="Finnigans Bluff--7882699855589292440" solutionTime="0"/>
  </teamStanding>
  <teamStanding firstSolved="-1" index="12" lastSolved="0" points="0" problemsAttempted="0" rank="4" solved="0" teamAlias="team10 (not aliasesd)" teamExternalId="3010" teamId="10" teamKey="3TEAM10" teamName="team10" teamSiteId="3" totalAttempts="0">
    <problemSummaryInfo attempts="0" index="1" isPending="false" isSolved="false" points="0" problemId="Sumit-4650904555601183866" solutionTime="0"/>
    <problemSummaryInfo attempts="0" index="2" isPending="false" isSolved="false" points="0" problemId="Quadrangles-6458124558755971533" solutionTime="0"/>
    <problemSummaryInfo attempts="0" index="3" isPending="false" isSolved="false" points="0" problemId="Routing-834357979615320098" solutionTime="0"/>
    <problemSummaryInfo attempts="0" index="4" isPending="false" isSolved="false" points="0" problemId="Faulty Towers--8192971929586764319" solutionTime="0"/>
    <problemSummaryInfo attempts="0" index="5" isPending="false" isSolved="false" points="0" problemId="London Bridge--3936367307030834338" solutionTime="0"/>
    <problemSummaryInfo attempts="0" index="6" isPending="false" isSolved="false" points="0" problemId="Finnigans Bluff--7882699855589292440" solutionTime="0"/>
  </teamStanding>
  <teamStanding firstSolved="-1" index="13" lastSolved="0" points="0" problemsAttempted="0" rank="4" solved="0" teamAlias="team11 (not aliasesd)" teamExternalId="3011" teamId="11" teamKey="3TEAM11" teamName="team11" teamSiteId="3" totalAttempts="0">
    <problemSummaryInfo attempts="0" index="1" isPending="false" isSolved="false" points="0" problemId="Sumit-4650904555601183866" solutionTime="0"/>
    <problemSummaryInfo attempts="0" index="2" isPending="false" isSolved="false" points="0" problemId="Quadrangles-6458124558755971533" solutionTime="0"/>
    <problemSummaryInfo attempts="0" index="3" isPending="false" isSolved="false" points="0" problemId="Routing-834357979615320098" solutionTime="0"/>
    <problemSummaryInfo attempts="0" index="4" isPending="false" isSolved="false" points="0" problemId="Faulty Towers--8192971929586764319" solutionTime="0"/>
    <problemSummaryInfo attempts="0" index="5" isPending="false" isSolved="false" points="0" problemId="London Bridge--3936367307030834338" solutionTime="0"/>
    <problemSummaryInfo attempts="0" index="6" isPending="false" isSolved="false" points="0" problemId="Finnigans Bluff--7882699855589292440" solutionTime="0"/>
  </teamStanding>
  <teamStanding firstSolved="-1" index="14" lastSolved="0" points="0" problemsAttempted="0" rank="4" solved="0" teamAlias="team12 (not aliasesd)" teamExternalId="3012" teamId="12" teamKey="3TEAM12" teamName="team12" teamSiteId="3" totalAttempts="0">
    <problemSummaryInfo attempts="0" index="1" isPending="false" isSolved="false" points="0" problemId="Sumit-4650904555601183866" solutionTime="0"/>
    <problemSummaryInfo attempts="0" index="2" isPending="false" isSolved="false" points="0" problemId="Quadrangles-6458124558755971533" solutionTime="0"/>
    <problemSummaryInfo attempts="0" index="3" isPending="false" isSolved="false" points="0" problemId="Routing-834357979615320098" solutionTime="0"/>
    <problemSummaryInfo attempts="0" index="4" isPending="false" isSolved="false" points="0" problemId="Faulty Towers--8192971929586764319" solutionTime="0"/>
    <problemSummaryInfo attempts="0" index="5" isPending="false" isSolved="false" points="0" problemId="London Bridge--3936367307030834338" solutionTime="0"/>
    <problemSummaryInfo attempts="0" index="6" isPending="false" isSolved="false" points="0" problemId="Finnigans Bluff--7882699855589292440" solutionTime="0"/>
  </teamStanding>
  <teamStanding firstSolved="-1" index="15" lastSolved="0" points="0" problemsAttempted="0" rank="4" solved="0" teamAlias="team13 (not aliasesd)" teamExternalId="3013" teamId="13" teamKey="3TEAM13" teamName="team13" teamSiteId="3" totalAttempts="0">
    <problemSummaryInfo attempts="0" index="1" isPending="false" isSolved="false" points="0" problemId="Sumit-4650904555601183866" solutionTime="0"/>
    <problemSummaryInfo attempts="0" index="2" isPending="false" isSolved="false" points="0" problemId="Quadrangles-6458124558755971533" solutionTime="0"/>
    <problemSummaryInfo attempts="0" index="3" isPending="false" isSolved="false" points="0" problemId="Routing-834357979615320098" solutionTime="0"/>
    <problemSummaryInfo attempts="0" index="4" isPending="false" isSolved="false" points="0" problemId="Faulty Towers--8192971929586764319" solutionTime="0"/>
    <problemSummaryInfo attempts="0" index="5" isPending="false" isSolved="false" points="0" problemId="London Bridge--3936367307030834338" solutionTime="0"/>
    <problemSummaryInfo attempts="0" index="6" isPending="false" isSolved="false" points="0" problemId="Finnigans Bluff--7882699855589292440" solutionTime="0"/>
  </teamStanding>
  <teamStanding firstSolved="-1" index="16" lastSolved="0" points="0" problemsAttempted="0" rank="4" solved="0" teamAlias="team14 (not aliasesd)" teamExternalId="3014" teamId="14" teamKey="3TEAM14" teamName="team14" teamSiteId="3" totalAttempts="0">
    <problemSummaryInfo attempts="0" index="1" isPending="false" isSolved="false" points="0" problemId="Sumit-4650904555601183866" solutionTime="0"/>
    <problemSummaryInfo attempts="0" index="2" isPending="false" isSolved="false" points="0" problemId="Quadrangles-6458124558755971533" solutionTime="0"/>
    <problemSummaryInfo attempts="0" index="3" isPending="false" isSolved="false" points="0" problemId="Routing-834357979615320098" solutionTime="0"/>
    <problemSummaryInfo attempts="0" index="4" isPending="false" isSolved="false" points="0" problemId="Faulty Towers--8192971929586764319" solutionTime="0"/>
    <problemSummaryInfo attempts="0" index="5" isPending="false" isSolved="false" points="0" problemId="London Bridge--3936367307030834338" solutionTime="0"/>
    <problemSummaryInfo attempts="0" index="6" isPending="false" isSolved="false" points="0" problemId="Finnigans Bluff--7882699855589292440" solutionTime="0"/>
  </teamStanding>
  <teamStanding firstSolved="-1" index="17" lastSolved="0" points="0" problemsAttempted="0" rank="4" solved="0" teamAlias="team15 (not aliasesd)" teamExternalId="3015" teamId="15" teamKey="3TEAM15" teamName="team15" teamSiteId="3" totalAttempts="0">
    <problemSummaryInfo attempts="0" index="1" isPending="false" isSolved="false" points="0" problemId="Sumit-4650904555601183866" solutionTime="0"/>
    <problemSummaryInfo attempts="0" index="2" isPending="false" isSolved="false" points="0" problemId="Quadrangles-6458124558755971533" solutionTime="0"/>
    <problemSummaryInfo attempts="0" index="3" isPending="false" isSolved="false" points="0" problemId="Routing-834357979615320098" solutionTime="0"/>
    <problemSummaryInfo attempts="0" index="4" isPending="false" isSolved="false" points="0" problemId="Faulty Towers--8192971929586764319" solutionTime="0"/>
    <problemSummaryInfo attempts="0" index="5" isPending="false" isSolved="false" points="0" problemId="London Bridge--3936367307030834338" solutionTime="0"/>
    <problemSummaryInfo attempts="0" index="6" isPending="false" isSolved="false" points="0" problemId="Finnigans Bluff--7882699855589292440" solutionTime="0"/>
  </teamStanding>
  <teamStanding firstSolved="-1" index="18" lastSolved="0" points="0" problemsAttempted="0" rank="4" solved="0" teamAlias="team16 (not aliasesd)" teamExternalId="3016" teamId="16" teamKey="3TEAM16" teamName="team16" teamSiteId="3" totalAttempts="0">
    <problemSummaryInfo attempts="0" index="1" isPending="false" isSolved="false" points="0" problemId="Sumit-4650904555601183866" solutionTime="0"/>
    <problemSummaryInfo attempts="0" index="2" isPending="false" isSolved="false" points="0" problemId="Quadrangles-6458124558755971533" solutionTime="0"/>
    <problemSummaryInfo attempts="0" index="3" isPending="false" isSolved="false" points="0" problemId="Routing-834357979615320098" solutionTime="0"/>
    <problemSummaryInfo attempts="0" index="4" isPending="false" isSolved="false" points="0" problemId="Faulty Towers--8192971929586764319" solutionTime="0"/>
    <problemSummaryInfo attempts="0" index="5" isPending="false" isSolved="false" points="0" problemId="London Bridge--3936367307030834338" solutionTime="0"/>
    <problemSummaryInfo attempts="0" index="6" isPending="false" isSolved="false" points="0" problemId="Finnigans Bluff--7882699855589292440" solutionTime="0"/>
  </teamStanding>
  <teamStanding firstSolved="-1" index="19" lastSolved="0" points="0" problemsAttempted="0" rank="4" solved="0" teamAlias="team17 (not aliasesd)" teamExternalId="3017" teamId="17" teamKey="3TEAM17" teamName="team17" teamSiteId="3" totalAttempts="0">
    <problemSummaryInfo attempts="0" index="1" isPending="false" isSolved="false" points="0" problemId="Sumit-4650904555601183866" solutionTime="0"/>
    <problemSummaryInfo attempts="0" index="2" isPending="false" isSolved="false" points="0" problemId="Quadrangles-6458124558755971533" solutionTime="0"/>
    <problemSummaryInfo attempts="0" index="3" isPending="false" isSolved="false" points="0" problemId="Routing-834357979615320098" solutionTime="0"/>
    <problemSummaryInfo attempts="0" index="4" isPending="false" isSolved="false" points="0" problemId="Faulty Towers--8192971929586764319" solutionTime="0"/>
    <problemSummaryInfo attempts="0" index="5" isPending="false" isSolved="false" points="0" problemId="London Bridge--3936367307030834338" solutionTime="0"/>
    <problemSummaryInfo attempts="0" index="6" isPending="false" isSolved="false" points="0" problemId="Finnigans Bluff--7882699855589292440" solutionTime="0"/>
  </teamStanding>
  <teamStanding firstSolved="-1" index="20" lastSolved="0" points="0" problemsAttempted="0" rank="4" solved="0" teamAlias="team18 (not aliasesd)" teamExternalId="3018" teamId="18" teamKey="3TEAM18" teamName="team18" teamSiteId="3" totalAttempts="0">
    <problemSummaryInfo attempts="0" index="1" isPending="false" isSolved="false" points="0" problemId="Sumit-4650904555601183866" solutionTime="0"/>
    <problemSummaryInfo attempts="0" index="2" isPending="false" isSolved="false" points="0" problemId="Quadrangles-6458124558755971533" solutionTime="0"/>
    <problemSummaryInfo attempts="0" index="3" isPending="false" isSolved="false" points="0" problemId="Routing-834357979615320098" solutionTime="0"/>
    <problemSummaryInfo attempts="0" index="4" isPending="false" isSolved="false" points="0" problemId="Faulty Towers--8192971929586764319" solutionTime="0"/>
    <problemSummaryInfo attempts="0" index="5" isPending="false" isSolved="false" points="0" problemId="London Bridge--3936367307030834338" solutionTime="0"/>
    <problemSummaryInfo attempts="0" index="6" isPending="false" isSolved="false" points="0" problemId="Finnigans Bluff--7882699855589292440" solutionTime="0"/>
  </teamStanding>
  <teamStanding firstSolved="-1" index="21" lastSolved="0" points="0" problemsAttempted="0" rank="4" solved="0" teamAlias="team19 (not aliasesd)" teamExternalId="3019" teamId="19" teamKey="3TEAM19" teamName="team19" teamSiteId="3" totalAttempts="0">
    <problemSummaryInfo attempts="0" index="1" isPending="false" isSolved="false" points="0" problemId="Sumit-4650904555601183866" solutionTime="0"/>
    <problemSummaryInfo attempts="0" index="2" isPending="false" isSolved="false" points="0" problemId="Quadrangles-6458124558755971533" solutionTime="0"/>
    <problemSummaryInfo attempts="0" index="3" isPending="false" isSolved="false" points="0" problemId="Routing-834357979615320098" solutionTime="0"/>
    <problemSummaryInfo attempts="0" index="4" isPending="false" isSolved="false" points="0" problemId="Faulty Towers--8192971929586764319" solutionTime="0"/>
    <problemSummaryInfo attempts="0" index="5" isPending="false" isSolved="false" points="0" problemId="London Bridge--3936367307030834338" solutionTime="0"/>
    <problemSummaryInfo attempts="0" index="6" isPending="false" isSolved="false" points="0" problemId="Finnigans Bluff--7882699855589292440" solutionTime="0"/>
  </teamStanding>
  <teamStanding firstSolved="-1" index="22" lastSolved="0" points="0" problemsAttempted="0" rank="4" solved="0" teamAlias="team20 (not aliasesd)" teamExternalId="3020" teamId="20" teamKey="3TEAM20" teamName="team20" teamSiteId="3" totalAttempts="0">
    <problemSummaryInfo attempts="0" index="1" isPending="false" isSolved="false" points="0" problemId="Sumit-4650904555601183866" solutionTime="0"/>
    <problemSummaryInfo attempts="0" index="2" isPending="false" isSolved="false" points="0" problemId="Quadrangles-6458124558755971533" solutionTime="0"/>
    <problemSummaryInfo attempts="0" index="3" isPending="false" isSolved="false" points="0" problemId="Routing-834357979615320098" solutionTime="0"/>
    <problemSummaryInfo attempts="0" index="4" isPending="false" isSolved="false" points="0" problemId="Faulty Towers--8192971929586764319" solutionTime="0"/>
    <problemSummaryInfo attempts="0" index="5" isPending="false" isSolved="false" points="0" problemId="London Bridge--3936367307030834338" solutionTime="0"/>
    <problemSummaryInfo attempts="0" index="6" isPending="false" isSolved="false" points="0" problemId="Finnigans Bluff--7882699855589292440" solutionTime="0"/>
  </teamStanding>
  <teamStanding firstSolved="-1" index="23" lastSolved="0" points="0" problemsAttempted="0" rank="4" solved="0" teamAlias="team21 (not aliasesd)" teamExternalId="3021" teamId="21" teamKey="3TEAM21" teamName="team21" teamSiteId="3" totalAttempts="0">
    <problemSummaryInfo attempts="0" index="1" isPending="false" isSolved="false" points="0" problemId="Sumit-4650904555601183866" solutionTime="0"/>
    <problemSummaryInfo attempts="0" index="2" isPending="false" isSolved="false" points="0" problemId="Quadrangles-6458124558755971533" solutionTime="0"/>
    <problemSummaryInfo attempts="0" index="3" isPending="false" isSolved="false" points="0" problemId="Routing-834357979615320098" solutionTime="0"/>
    <problemSummaryInfo attempts="0" index="4" isPending="false" isSolved="false" points="0" problemId="Faulty Towers--8192971929586764319" solutionTime="0"/>
    <problemSummaryInfo attempts="0" index="5" isPending="false" isSolved="false" points="0" problemId="London Bridge--3936367307030834338" solutionTime="0"/>
    <problemSummaryInfo attempts="0" index="6" isPending="false" isSolved="false" points="0" problemId="Finnigans Bluff--7882699855589292440" solutionTime="0"/>
  </teamStanding>
  <teamStanding firstSolved="-1" index="24" lastSolved="0" points="0" problemsAttempted="0" rank="4" solved="0" teamAlias="team22 (not aliasesd)" teamExternalId="3022" teamId="22" teamKey="3TEAM22" teamName="team22" teamSiteId="3" totalAttempts="0">
    <problemSummaryInfo attempts="0" index="1" isPending="false" isSolved="false" points="0" problemId="Sumit-4650904555601183866" solutionTime="0"/>
    <problemSummaryInfo attempts="0" index="2" isPending="false" isSolved="false" points="0" problemId="Quadrangles-6458124558755971533" solutionTime="0"/>
    <problemSummaryInfo attempts="0" index="3" isPending="false" isSolved="false" points="0" problemId="Routing-834357979615320098" solutionTime="0"/>
    <problemSummaryInfo attempts="0" index="4" isPending="false" isSolved="false" points="0" problemId="Faulty Towers--8192971929586764319" solutionTime="0"/>
    <problemSummaryInfo attempts="0" index="5" isPending="false" isSolved="false" points="0" problemId="London Bridge--3936367307030834338" solutionTime="0"/>
    <problemSummaryInfo attempts="0" index="6" isPending="false" isSolved="false" points="0" problemId="Finnigans Bluff--7882699855589292440" solutionTime="0"/>
  </teamStanding>
  <teamStanding firstSolved="-1" index="25" lastSolved="0" points="0" problemsAttempted="0" rank="4" solved="0" teamAlias="team23 (not aliasesd)" teamExternalId="3023" teamId="23" teamKey="3TEAM23" teamName="team23" teamSiteId="3" totalAttempts="0">
    <problemSummaryInfo attempts="0" index="1" isPending="false" isSolved="false" points="0" problemId="Sumit-4650904555601183866" solutionTime="0"/>
    <problemSummaryInfo attempts="0" index="2" isPending="false" isSolved="false" points="0" problemId="Quadrangles-6458124558755971533" solutionTime="0"/>
    <problemSummaryInfo attempts="0" index="3" isPending="false" isSolved="false" points="0" problemId="Routing-834357979615320098" solutionTime="0"/>
    <problemSummaryInfo attempts="0" index="4" isPending="false" isSolved="false" points="0" problemId="Faulty Towers--8192971929586764319" solutionTime="0"/>
    <problemSummaryInfo attempts="0" index="5" isPending="false" isSolved="false" points="0" problemId="London Bridge--3936367307030834338" solutionTime="0"/>
    <problemSummaryInfo attempts="0" index="6" isPending="false" isSolved="false" points="0" problemId="Finnigans Bluff--7882699855589292440" solutionTime="0"/>
  </teamStanding>
  <teamStanding firstSolved="-1" index="26" lastSolved="0" points="0" problemsAttempted="0" rank="4" solved="0" teamAlias="team24 (not aliasesd)" teamExternalId="3024" teamId="24" teamKey="3TEAM24" teamName="team24" teamSiteId="3" totalAttempts="0">
    <problemSummaryInfo attempts="0" index="1" isPending="false" isSolved="false" points="0" problemId="Sumit-4650904555601183866" solutionTime="0"/>
    <problemSummaryInfo attempts="0" index="2" isPending="false" isSolved="false" points="0" problemId="Quadrangles-6458124558755971533" solutionTime="0"/>
    <problemSummaryInfo attempts="0" index="3" isPending="false" isSolved="false" points="0" problemId="Routing-834357979615320098" solutionTime="0"/>
    <problemSummaryInfo attempts="0" index="4" isPending="false" isSolved="false" points="0" problemId="Faulty Towers--8192971929586764319" solutionTime="0"/>
    <problemSummaryInfo attempts="0" index="5" isPending="false" isSolved="false" points="0" problemId="London Bridge--3936367307030834338" solutionTime="0"/>
    <problemSummaryInfo attempts="0" index="6" isPending="false" isSolved="false" points="0" problemId="Finnigans Bluff--7882699855589292440" solutionTime="0"/>
  </teamStanding>
  <teamStanding firstSolved="-1" index="27" lastSolved="0" points="0" problemsAttempted="0" rank="4" solved="0" teamAlias="team26 (not aliasesd)" teamExternalId="3026" teamId="26" teamKey="3TEAM26" teamName="team26" teamSiteId="3" totalAttempts="0">
    <problemSummaryInfo attempts="0" index="1" isPending="false" isSolved="false" points="0" problemId="Sumit-4650904555601183866" solutionTime="0"/>
    <problemSummaryInfo attempts="0" index="2" isPending="false" isSolved="false" points="0" problemId="Quadrangles-6458124558755971533" solutionTime="0"/>
    <problemSummaryInfo attempts="0" index="3" isPending="false" isSolved="false" points="0" problemId="Routing-834357979615320098" solutionTime="0"/>
    <problemSummaryInfo attempts="0" index="4" isPending="false" isSolved="false" points="0" problemId="Faulty Towers--8192971929586764319" solutionTime="0"/>
    <problemSummaryInfo attempts="0" index="5" isPending="false" isSolved="false" points="0" problemId="London Bridge--3936367307030834338" solutionTime="0"/>
    <problemSummaryInfo attempts="0" index="6" isPending="false" isSolved="false" points="0" problemId="Finnigans Bluff--7882699855589292440" solutionTime="0"/>
  </teamStanding>
  <teamStanding firstSolved="-1" index="28" lastSolved="0" points="0" problemsAttempted="0" rank="4" solved="0" teamAlias="team27 (not aliasesd)" teamExternalId="3027" teamId="27" teamKey="3TEAM27" teamName="team27" teamSiteId="3" totalAttempts="0">
    <problemSummaryInfo attempts="0" index="1" isPending="false" isSolved="false" points="0" problemId="Sumit-4650904555601183866" solutionTime="0"/>
    <problemSummaryInfo attempts="0" index="2" isPending="false" isSolved="false" points="0" problemId="Quadrangles-6458124558755971533" solutionTime="0"/>
    <problemSummaryInfo attempts="0" index="3" isPending="false" isSolved="false" points="0" problemId="Routing-834357979615320098" solutionTime="0"/>
    <problemSummaryInfo attempts="0" index="4" isPending="false" isSolved="false" points="0" problemId="Faulty Towers--8192971929586764319" solutionTime="0"/>
    <problemSummaryInfo attempts="0" index="5" isPending="false" isSolved="false" points="0" problemId="London Bridge--3936367307030834338" solutionTime="0"/>
    <problemSummaryInfo attempts="0" index="6" isPending="false" isSolved="false" points="0" problemId="Finnigans Bluff--7882699855589292440" solutionTime="0"/>
  </teamStanding>
  <teamStanding firstSolved="-1" index="29" lastSolved="0" points="0" problemsAttempted="0" rank="4" solved="0" teamAlias="team28 (not aliasesd)" teamExternalId="3028" teamId="28" teamKey="3TEAM28" teamName="team28" teamSiteId="3" totalAttempts="0">
    <problemSummaryInfo attempts="0" index="1" isPending="false" isSolved="false" points="0" problemId="Sumit-4650904555601183866" solutionTime="0"/>
    <problemSummaryInfo attempts="0" index="2" isPending="false" isSolved="false" points="0" problemId="Quadrangles-6458124558755971533" solutionTime="0"/>
    <problemSummaryInfo attempts="0" index="3" isPending="false" isSolved="false" points="0" problemId="Routing-834357979615320098" solutionTime="0"/>
    <problemSummaryInfo attempts="0" index="4" isPending="false" isSolved="false" points="0" problemId="Faulty Towers--8192971929586764319" solutionTime="0"/>
    <problemSummaryInfo attempts="0" index="5" isPending="false" isSolved="false" points="0" problemId="London Bridge--3936367307030834338" solutionTime="0"/>
    <problemSummaryInfo attempts="0" index="6" isPending="false" isSolved="false" points="0" problemId="Finnigans Bluff--7882699855589292440" solutionTime="0"/>
  </teamStanding>
  <teamStanding firstSolved="-1" index="30" lastSolved="0" points="0" problemsAttempted="0" rank="4" solved="0" teamAlias="team29 (not aliasesd)" teamExternalId="3029" teamId="29" teamKey="3TEAM29" teamName="team29" teamSiteId="3" totalAttempts="0">
    <problemSummaryInfo attempts="0" index="1" isPending="false" isSolved="false" points="0" problemId="Sumit-4650904555601183866" solutionTime="0"/>
    <problemSummaryInfo attempts="0" index="2" isPending="false" isSolved="false" points="0" problemId="Quadrangles-6458124558755971533" solutionTime="0"/>
    <problemSummaryInfo attempts="0" index="3" isPending="false" isSolved="false" points="0" problemId="Routing-834357979615320098" solutionTime="0"/>
    <problemSummaryInfo attempts="0" index="4" isPending="false" isSolved="false" points="0" problemId="Faulty Towers--8192971929586764319" solutionTime="0"/>
    <problemSummaryInfo attempts="0" index="5" isPending="false" isSolved="false" points="0" problemId="London Bridge--3936367307030834338" solutionTime="0"/>
    <problemSummaryInfo attempts="0" index="6" isPending="false" isSolved="false" points="0" problemId="Finnigans Bluff--7882699855589292440" solutionTime="0"/>
  </teamStanding>
  <teamStanding firstSolved="-1" index="31" lastSolved="0" points="0" problemsAttempted="0" rank="4" solved="0" teamAlias="team31 (not aliasesd)" teamExternalId="3031" teamId="31" teamKey="3TEAM31" teamName="team31" teamSiteId="3" totalAttempts="0">
    <problemSummaryInfo attempts="0" index="1" isPending="false" isSolved="false" points="0" problemId="Sumit-4650904555601183866" solutionTime="0"/>
    <problemSummaryInfo attempts="0" index="2" isPending="false" isSolved="false" points="0" problemId="Quadrangles-6458124558755971533" solutionTime="0"/>
    <problemSummaryInfo attempts="0" index="3" isPending="false" isSolved="false" points="0" problemId="Routing-834357979615320098" solutionTime="0"/>
    <problemSummaryInfo attempts="0" index="4" isPending="false" isSolved="false" points="0" problemId="Faulty Towers--8192971929586764319" solutionTime="0"/>
    <problemSummaryInfo attempts="0" index="5" isPending="false" isSolved="false" points="0" problemId="London Bridge--3936367307030834338" solutionTime="0"/>
    <problemSummaryInfo attempts="0" index="6" isPending="false" isSolved="false" points="0" problemId="Finnigans Bluff--7882699855589292440" solutionTime="0"/>
  </teamStanding>
  <teamStanding firstSolved="-1" index="32" lastSolved="0" points="0" problemsAttempted="0" rank="4" solved="0" teamAlias="team32 (not aliasesd)" teamExternalId="3032" teamId="32" teamKey="3TEAM32" teamName="team32" teamSiteId="3" totalAttempts="0">
    <problemSummaryInfo attempts="0" index="1" isPending="false" isSolved="false" points="0" problemId="Sumit-4650904555601183866" solutionTime="0"/>
    <problemSummaryInfo attempts="0" index="2" isPending="false" isSolved="false" points="0" problemId="Quadrangles-6458124558755971533" solutionTime="0"/>
    <problemSummaryInfo attempts="0" index="3" isPending="false" isSolved="false" points="0" problemId="Routing-834357979615320098" solutionTime="0"/>
    <problemSummaryInfo attempts="0" index="4" isPending="false" isSolved="false" points="0" problemId="Faulty Towers--8192971929586764319" solutionTime="0"/>
    <problemSummaryInfo attempts="0" index="5" isPending="false" isSolved="false" points="0" problemId="London Bridge--3936367307030834338" solutionTime="0"/>
    <problemSummaryInfo attempts="0" index="6" isPending="false" isSolved="false" points="0" problemId="Finnigans Bluff--7882699855589292440" solutionTime="0"/>
  </teamStanding>
  <teamStanding firstSolved="-1" index="33" lastSolved="0" points="0" problemsAttempted="0" rank="4" solved="0" teamAlias="team33 (not aliasesd)" teamExternalId="3033" teamId="33" teamKey="3TEAM33" teamName="team33" teamSiteId="3" totalAttempts="0">
    <problemSummaryInfo attempts="0" index="1" isPending="false" isSolved="false" points="0" problemId="Sumit-4650904555601183866" solutionTime="0"/>
    <problemSummaryInfo attempts="0" index="2" isPending="false" isSolved="false" points="0" problemId="Quadrangles-6458124558755971533" solutionTime="0"/>
    <problemSummaryInfo attempts="0" index="3" isPending="false" isSolved="false" points="0" problemId="Routing-834357979615320098" solutionTime="0"/>
    <problemSummaryInfo attempts="0" index="4" isPending="false" isSolved="false" points="0" problemId="Faulty Towers--8192971929586764319" solutionTime="0"/>
    <problemSummaryInfo attempts="0" index="5" isPending="false" isSolved="false" points="0" problemId="London Bridge--3936367307030834338" solutionTime="0"/>
    <problemSummaryInfo attempts="0" index="6" isPending="false" isSolved="false" points="0" problemId="Finnigans Bluff--7882699855589292440" solutionTime="0"/>
  </teamStanding>
  <teamStanding firstSolved="-1" index="34" lastSolved="0" points="0" problemsAttempted="0" rank="4" solved="0" teamAlias="team34 (not aliasesd)" teamExternalId="3034" teamId="34" teamKey="3TEAM34" teamName="team34" teamSiteId="3" totalAttempts="0">
    <problemSummaryInfo attempts="0" index="1" isPending="false" isSolved="false" points="0" problemId="Sumit-4650904555601183866" solutionTime="0"/>
    <problemSummaryInfo attempts="0" index="2" isPending="false" isSolved="false" points="0" problemId="Quadrangles-6458124558755971533" solutionTime="0"/>
    <problemSummaryInfo attempts="0" index="3" isPending="false" isSolved="false" points="0" problemId="Routing-834357979615320098" solutionTime="0"/>
    <problemSummaryInfo attempts="0" index="4" isPending="false" isSolved="false" points="0" problemId="Faulty Towers--8192971929586764319" solutionTime="0"/>
    <problemSummaryInfo attempts="0" index="5" isPending="false" isSolved="false" points="0" problemId="London Bridge--3936367307030834338" solutionTime="0"/>
    <problemSummaryInfo attempts="0" index="6" isPending="false" isSolved="false" points="0" problemId="Finnigans Bluff--7882699855589292440" solutionTime="0"/>
  </teamStanding>
  <teamStanding firstSolved="-1" index="35" lastSolved="0" points="0" problemsAttempted="0" rank="4" solved="0" teamAlias="team35 (not aliasesd)" teamExternalId="3035" teamId="35" teamKey="3TEAM35" teamName="team35" teamSiteId="3" totalAttempts="0">
    <problemSummaryInfo attempts="0" index="1" isPending="false" isSolved="false" points="0" problemId="Sumit-4650904555601183866" solutionTime="0"/>
    <problemSummaryInfo attempts="0" index="2" isPending="false" isSolved="false" points="0" problemId="Quadrangles-6458124558755971533" solutionTime="0"/>
    <problemSummaryInfo attempts="0" index="3" isPending="false" isSolved="false" points="0" problemId="Routing-834357979615320098" solutionTime="0"/>
    <problemSummaryInfo attempts="0" index="4" isPending="false" isSolved="false" points="0" problemId="Faulty Towers--8192971929586764319" solutionTime="0"/>
    <problemSummaryInfo attempts="0" index="5" isPending="false" isSolved="false" points="0" problemId="London Bridge--3936367307030834338" solutionTime="0"/>
    <problemSummaryInfo attempts="0" index="6" isPending="false" isSolved="false" points="0" problemId="Finnigans Bluff--7882699855589292440" solutionTime="0"/>
  </teamStanding>
  <teamStanding firstSolved="-1" index="36" lastSolved="0" points="0" problemsAttempted="0" rank="4" solved="0" teamAlias="team36 (not aliasesd)" teamExternalId="3036" teamId="36" teamKey="3TEAM36" teamName="team36" teamSiteId="3" totalAttempts="0">
    <problemSummaryInfo attempts="0" index="1" isPending="false" isSolved="false" points="0" problemId="Sumit-4650904555601183866" solutionTime="0"/>
    <problemSummaryInfo attempts="0" index="2" isPending="false" isSolved="false" points="0" problemId="Quadrangles-6458124558755971533" solutionTime="0"/>
    <problemSummaryInfo attempts="0" index="3" isPending="false" isSolved="false" points="0" problemId="Routing-834357979615320098" solutionTime="0"/>
    <problemSummaryInfo attempts="0" index="4" isPending="false" isSolved="false" points="0" problemId="Faulty Towers--8192971929586764319" solutionTime="0"/>
    <problemSummaryInfo attempts="0" index="5" isPending="false" isSolved="false" points="0" problemId="London Bridge--3936367307030834338" solutionTime="0"/>
    <problemSummaryInfo attempts="0" index="6" isPending="false" isSolved="false" points="0" problemId="Finnigans Bluff--7882699855589292440" solutionTime="0"/>
  </teamStanding>
  <teamStanding firstSolved="-1" index="37" lastSolved="0" points="0" problemsAttempted="0" rank="4" solved="0" teamAlias="team37 (not aliasesd)" teamExternalId="3037" teamId="37" teamKey="3TEAM37" teamName="team37" teamSiteId="3" totalAttempts="0">
    <problemSummaryInfo attempts="0" index="1" isPending="false" isSolved="false" points="0" problemId="Sumit-4650904555601183866" solutionTime="0"/>
    <problemSummaryInfo attempts="0" index="2" isPending="false" isSolved="false" points="0" problemId="Quadrangles-6458124558755971533" solutionTime="0"/>
    <problemSummaryInfo attempts="0" index="3" isPending="false" isSolved="false" points="0" problemId="Routing-834357979615320098" solutionTime="0"/>
    <problemSummaryInfo attempts="0" index="4" isPending="false" isSolved="false" points="0" problemId="Faulty Towers--8192971929586764319" solutionTime="0"/>
    <problemSummaryInfo attempts="0" index="5" isPending="false" isSolved="false" points="0" problemId="London Bridge--3936367307030834338" solutionTime="0"/>
    <problemSummaryInfo attempts="0" index="6" isPending="false" isSolved="false" points="0" problemId="Finnigans Bluff--7882699855589292440" solutionTime="0"/>
  </teamStanding>
  <teamStanding firstSolved="-1" index="38" lastSolved="0" points="0" problemsAttempted="0" rank="4" solved="0" teamAlias="team38 (not aliasesd)" teamExternalId="3038" teamId="38" teamKey="3TEAM38" teamName="team38" teamSiteId="3" totalAttempts="0">
    <problemSummaryInfo attempts="0" index="1" isPending="false" isSolved="false" points="0" problemId="Sumit-4650904555601183866" solutionTime="0"/>
    <problemSummaryInfo attempts="0" index="2" isPending="false" isSolved="false" points="0" problemId="Quadrangles-6458124558755971533" solutionTime="0"/>
    <problemSummaryInfo attempts="0" index="3" isPending="false" isSolved="false" points="0" problemId="Routing-834357979615320098" solutionTime="0"/>
    <problemSummaryInfo attempts="0" index="4" isPending="false" isSolved="false" points="0" problemId="Faulty Towers--8192971929586764319" solutionTime="0"/>
    <problemSummaryInfo attempts="0" index="5" isPending="false" isSolved="false" points="0" problemId="London Bridge--3936367307030834338" solutionTime="0"/>
    <problemSummaryInfo attempts="0" index="6" isPending="false" isSolved="false" points="0" problemId="Finnigans Bluff--7882699855589292440" solutionTime="0"/>
  </teamStanding>
  <teamStanding firstSolved="-1" index="39" lastSolved="0" points="0" problemsAttempted="0" rank="4" solved="0" teamAlias="team39 (not aliasesd)" teamExternalId="3039" teamId="39" teamKey="3TEAM39" teamName="team39" teamSiteId="3" totalAttempts="0">
    <problemSummaryInfo attempts="0" index="1" isPending="false" isSolved="false" points="0" problemId="Sumit-4650904555601183866" solutionTime="0"/>
    <problemSummaryInfo attempts="0" index="2" isPending="false" isSolved="false" points="0" problemId="Quadrangles-6458124558755971533" solutionTime="0"/>
    <problemSummaryInfo attempts="0" index="3" isPending="false" isSolved="false" points="0" problemId="Routing-834357979615320098" solutionTime="0"/>
    <problemSummaryInfo attempts="0" index="4" isPending="false" isSolved="false" points="0" problemId="Faulty Towers--8192971929586764319" solutionTime="0"/>
    <problemSummaryInfo attempts="0" index="5" isPending="false" isSolved="false" points="0" problemId="London Bridge--3936367307030834338" solutionTime="0"/>
    <problemSummaryInfo attempts="0" index="6" isPending="false" isSolved="false" points="0" problemId="Finnigans Bluff--7882699855589292440" solutionTime="0"/>
  </teamStanding>
  <teamStanding firstSolved="-1" index="40" lastSolved="0" points="0" problemsAttempted="0" rank="4" solved="0" teamAlias="team40 (not aliasesd)" teamExternalId="3040" teamId="40" teamKey="3TEAM40" teamName="team40" teamSiteId="3" totalAttempts="0">
    <problemSummaryInfo attempts="0" index="1" isPending="false" isSolved="false" points="0" problemId="Sumit-4650904555601183866" solutionTime="0"/>
    <problemSummaryInfo attempts="0" index="2" isPending="false" isSolved="false" points="0" problemId="Quadrangles-6458124558755971533" solutionTime="0"/>
    <problemSummaryInfo attempts="0" index="3" isPending="false" isSolved="false" points="0" problemId="Routing-834357979615320098" solutionTime="0"/>
    <problemSummaryInfo attempts="0" index="4" isPending="false" isSolved="false" points="0" problemId="Faulty Towers--8192971929586764319" solutionTime="0"/>
    <problemSummaryInfo attempts="0" index="5" isPending="false" isSolved="false" points="0" problemId="London Bridge--3936367307030834338" solutionTime="0"/>
    <problemSummaryInfo attempts="0" index="6" isPending="false" isSolved="false" points="0" problemId="Finnigans Bluff--7882699855589292440" solutionTime="0"/>
  </teamStanding>
  <teamStanding firstSolved="-1" index="41" lastSolved="0" points="0" problemsAttempted="0" rank="4" solved="0" teamAlias="team41 (not aliasesd)" teamExternalId="3041" teamId="41" teamKey="3TEAM41" teamName="team41" teamSiteId="3" totalAttempts="0">
    <problemSummaryInfo attempts="0" index="1" isPending="false" isSolved="false" points="0" problemId="Sumit-4650904555601183866" solutionTime="0"/>
    <problemSummaryInfo attempts="0" index="2" isPending="false" isSolved="false" points="0" problemId="Quadrangles-6458124558755971533" solutionTime="0"/>
    <problemSummaryInfo attempts="0" index="3" isPending="false" isSolved="false" points="0" problemId="Routing-834357979615320098" solutionTime="0"/>
    <problemSummaryInfo attempts="0" index="4" isPending="false" isSolved="false" points="0" problemId="Faulty Towers--8192971929586764319" solutionTime="0"/>
    <problemSummaryInfo attempts="0" index="5" isPending="false" isSolved="false" points="0" problemId="London Bridge--3936367307030834338" solutionTime="0"/>
    <problemSummaryInfo attempts="0" index="6" isPending="false" isSolved="false" points="0" problemId="Finnigans Bluff--7882699855589292440" solutionTime="0"/>
  </teamStanding>
  <teamStanding firstSolved="-1" index="42" lastSolved="0" points="0" problemsAttempted="0" rank="4" solved="0" teamAlias="team42 (not aliasesd)" teamExternalId="3042" teamId="42" teamKey="3TEAM42" teamName="team42" teamSiteId="3" totalAttempts="0">
    <problemSummaryInfo attempts="0" index="1" isPending="false" isSolved="false" points="0" problemId="Sumit-4650904555601183866" solutionTime="0"/>
    <problemSummaryInfo attempts="0" index="2" isPending="false" isSolved="false" points="0" problemId="Quadrangles-6458124558755971533" solutionTime="0"/>
    <problemSummaryInfo attempts="0" index="3" isPending="false" isSolved="false" points="0" problemId="Routing-834357979615320098" solutionTime="0"/>
    <problemSummaryInfo attempts="0" index="4" isPending="false" isSolved="false" points="0" problemId="Faulty Towers--8192971929586764319" solutionTime="0"/>
    <problemSummaryInfo attempts="0" index="5" isPending="false" isSolved="false" points="0" problemId="London Bridge--3936367307030834338" solutionTime="0"/>
    <problemSummaryInfo attempts="0" index="6" isPending="false" isSolved="false" points="0" problemId="Finnigans Bluff--7882699855589292440" solutionTime="0"/>
  </teamStanding>
  <teamStanding firstSolved="-1" index="43" lastSolved="0" points="0" problemsAttempted="0" rank="4" solved="0" teamAlias="team43 (not aliasesd)" teamExternalId="3043" teamId="43" teamKey="3TEAM43" teamName="team43" teamSiteId="3" totalAttempts="0">
    <problemSummaryInfo attempts="0" index="1" isPending="false" isSolved="false" points="0" problemId="Sumit-4650904555601183866" solutionTime="0"/>
    <problemSummaryInfo attempts="0" index="2" isPending="false" isSolved="false" points="0" problemId="Quadrangles-6458124558755971533" solutionTime="0"/>
    <problemSummaryInfo attempts="0" index="3" isPending="false" isSolved="false" points="0" problemId="Routing-834357979615320098" solutionTime="0"/>
    <problemSummaryInfo attempts="0" index="4" isPending="false" isSolved="false" points="0" problemId="Faulty Towers--8192971929586764319" solutionTime="0"/>
    <problemSummaryInfo attempts="0" index="5" isPending="false" isSolved="false" points="0" problemId="London Bridge--3936367307030834338" solutionTime="0"/>
    <problemSummaryInfo attempts="0" index="6" isPending="false" isSolved="false" points="0" problemId="Finnigans Bluff--7882699855589292440" solutionTime="0"/>
  </teamStanding>
  <teamStanding firstSolved="-1" index="44" lastSolved="0" points="0" problemsAttempted="0" rank="4" solved="0" teamAlias="team44 (not aliasesd)" teamExternalId="3044" teamId="44" teamKey="3TEAM44" teamName="team44" teamSiteId="3" totalAttempts="0">
    <problemSummaryInfo attempts="0" index="1" isPending="false" isSolved="false" points="0" problemId="Sumit-4650904555601183866" solutionTime="0"/>
    <problemSummaryInfo attempts="0" index="2" isPending="false" isSolved="false" points="0" problemId="Quadrangles-6458124558755971533" solutionTime="0"/>
    <problemSummaryInfo attempts="0" index="3" isPending="false" isSolved="false" points="0" problemId="Routing-834357979615320098" solutionTime="0"/>
    <problemSummaryInfo attempts="0" index="4" isPending="false" isSolved="false" points="0" problemId="Faulty Towers--8192971929586764319" solutionTime="0"/>
    <problemSummaryInfo attempts="0" index="5" isPending="false" isSolved="false" points="0" problemId="London Bridge--3936367307030834338" solutionTime="0"/>
    <problemSummaryInfo attempts="0" index="6" isPending="false" isSolved="false" points="0" problemId="Finnigans Bluff--7882699855589292440" solutionTime="0"/>
  </teamStanding>
  <teamStanding firstSolved="-1" index="45" lastSolved="0" points="0" problemsAttempted="0" rank="4" solved="0" teamAlias="team45 (not aliasesd)" teamExternalId="3045" teamId="45" teamKey="3TEAM45" teamName="team45" teamSiteId="3" totalAttempts="0">
    <problemSummaryInfo attempts="0" index="1" isPending="false" isSolved="false" points="0" problemId="Sumit-4650904555601183866" solutionTime="0"/>
    <problemSummaryInfo attempts="0" index="2" isPending="false" isSolved="false" points="0" problemId="Quadrangles-6458124558755971533" solutionTime="0"/>
    <problemSummaryInfo attempts="0" index="3" isPending="false" isSolved="false" points="0" problemId="Routing-834357979615320098" solutionTime="0"/>
    <problemSummaryInfo attempts="0" index="4" isPending="false" isSolved="false" points="0" problemId="Faulty Towers--8192971929586764319" solutionTime="0"/>
    <problemSummaryInfo attempts="0" index="5" isPending="false" isSolved="false" points="0" problemId="London Bridge--3936367307030834338" solutionTime="0"/>
    <problemSummaryInfo attempts="0" index="6" isPending="false" isSolved="false" points="0" problemId="Finnigans Bluff--7882699855589292440" solutionTime="0"/>
  </teamStanding>
  <teamStanding firstSolved="-1" index="46" lastSolved="0" points="0" problemsAttempted="0" rank="4" solved="0" teamAlias="team46 (not aliasesd)" teamExternalId="3046" teamId="46" teamKey="3TEAM46" teamName="team46" teamSiteId="3" totalAttempts="0">
    <problemSummaryInfo attempts="0" index="1" isPending="false" isSolved="false" points="0" problemId="Sumit-4650904555601183866" solutionTime="0"/>
    <problemSummaryInfo attempts="0" index="2" isPending="false" isSolved="false" points="0" problemId="Quadrangles-6458124558755971533" solutionTime="0"/>
    <problemSummaryInfo attempts="0" index="3" isPending="false" isSolved="false" points="0" problemId="Routing-834357979615320098" solutionTime="0"/>
    <problemSummaryInfo attempts="0" index="4" isPending="false" isSolved="false" points="0" problemId="Faulty Towers--8192971929586764319" solutionTime="0"/>
    <problemSummaryInfo attempts="0" index="5" isPending="false" isSolved="false" points="0" problemId="London Bridge--3936367307030834338" solutionTime="0"/>
    <problemSummaryInfo attempts="0" index="6" isPending="false" isSolved="false" points="0" problemId="Finnigans Bluff--7882699855589292440" solutionTime="0"/>
  </teamStanding>
  <teamStanding firstSolved="-1" index="47" lastSolved="0" points="0" problemsAttempted="0" rank="4" solved="0" teamAlias="team47 (not aliasesd)" teamExternalId="3047" teamId="47" teamKey="3TEAM47" teamName="team47" teamSiteId="3" totalAttempts="0">
    <problemSummaryInfo attempts="0" index="1" isPending="false" isSolved="false" points="0" problemId="Sumit-4650904555601183866" solutionTime="0"/>
    <problemSummaryInfo attempts="0" index="2" isPending="false" isSolved="false" points="0" problemId="Quadrangles-6458124558755971533" solutionTime="0"/>
    <problemSummaryInfo attempts="0" index="3" isPending="false" isSolved="false" points="0" problemId="Routing-834357979615320098" solutionTime="0"/>
    <problemSummaryInfo attempts="0" index="4" isPending="false" isSolved="false" points="0" problemId="Faulty Towers--8192971929586764319" solutionTime="0"/>
    <problemSummaryInfo attempts="0" index="5" isPending="false" isSolved="false" points="0" problemId="London Bridge--3936367307030834338" solutionTime="0"/>
    <problemSummaryInfo attempts="0" index="6" isPending="false" isSolved="false" points="0" problemId="Finnigans Bluff--7882699855589292440" solutionTime="0"/>
  </teamStanding>
  <teamStanding firstSolved="-1" index="48" lastSolved="0" points="0" problemsAttempted="0" rank="4" solved="0" teamAlias="team48 (not aliasesd)" teamExternalId="3048" teamId="48" teamKey="3TEAM48" teamName="team48" teamSiteId="3" totalAttempts="0">
    <problemSummaryInfo attempts="0" index="1" isPending="false" isSolved="false" points="0" problemId="Sumit-4650904555601183866" solutionTime="0"/>
    <problemSummaryInfo attempts="0" index="2" isPending="false" isSolved="false" points="0" problemId="Quadrangles-6458124558755971533" solutionTime="0"/>
    <problemSummaryInfo attempts="0" index="3" isPending="false" isSolved="false" points="0" problemId="Routing-834357979615320098" solutionTime="0"/>
    <problemSummaryInfo attempts="0" index="4" isPending="false" isSolved="false" points="0" problemId="Faulty Towers--8192971929586764319" solutionTime="0"/>
    <problemSummaryInfo attempts="0" index="5" isPending="false" isSolved="false" points="0" problemId="London Bridge--3936367307030834338" solutionTime="0"/>
    <problemSummaryInfo attempts="0" index="6" isPending="false" isSolved="false" points="0" problemId="Finnigans Bluff--7882699855589292440" solutionTime="0"/>
  </teamStanding>
  <teamStanding firstSolved="-1" index="49" lastSolved="0" points="0" problemsAttempted="0" rank="4" solved="0" teamAlias="team49 (not aliasesd)" teamExternalId="3049" teamId="49" teamKey="3TEAM49" teamName="team49" teamSiteId="3" totalAttempts="0">
    <problemSummaryInfo attempts="0" index="1" isPending="false" isSolved="false" points="0" problemId="Sumit-4650904555601183866" solutionTime="0"/>
    <problemSummaryInfo attempts="0" index="2" isPending="false" isSolved="false" points="0" problemId="Quadrangles-6458124558755971533" solutionTime="0"/>
    <problemSummaryInfo attempts="0" index="3" isPending="false" isSolved="false" points="0" problemId="Routing-834357979615320098" solutionTime="0"/>
    <problemSummaryInfo attempts="0" index="4" isPending="false" isSolved="false" points="0" problemId="Faulty Towers--8192971929586764319" solutionTime="0"/>
    <problemSummaryInfo attempts="0" index="5" isPending="false" isSolved="false" points="0" problemId="London Bridge--3936367307030834338" solutionTime="0"/>
    <problemSummaryInfo attempts="0" index="6" isPending="false" isSolved="false" points="0" problemId="Finnigans Bluff--7882699855589292440" solutionTime="0"/>
  </teamStanding>
  <teamStanding firstSolved="-1" index="50" lastSolved="0" points="0" problemsAttempted="0" rank="4" solved="0" teamAlias="team50 (not aliasesd)" teamExternalId="3050" teamId="50" teamKey="3TEAM50" teamName="team50" teamSiteId="3" totalAttempts="0">
    <problemSummaryInfo attempts="0" index="1" isPending="false" isSolved="false" points="0" problemId="Sumit-4650904555601183866" solutionTime="0"/>
    <problemSummaryInfo attempts="0" index="2" isPending="false" isSolved="false" points="0" problemId="Quadrangles-6458124558755971533" solutionTime="0"/>
    <problemSummaryInfo attempts="0" index="3" isPending="false" isSolved="false" points="0" problemId="Routing-834357979615320098" solutionTime="0"/>
    <problemSummaryInfo attempts="0" index="4" isPending="false" isSolved="false" points="0" problemId="Faulty Towers--8192971929586764319" solutionTime="0"/>
    <problemSummaryInfo attempts="0" index="5" isPending="false" isSolved="false" points="0" problemId="London Bridge--3936367307030834338" solutionTime="0"/>
    <problemSummaryInfo attempts="0" index="6" isPending="false" isSolved="false" points="0" problemId="Finnigans Bluff--7882699855589292440" solutionTime="0"/>
  </teamStanding>
  <teamStanding firstSolved="-1" index="51" lastSolved="0" points="0" problemsAttempted="0" rank="4" solved="0" teamAlias="team51 (not aliasesd)" teamExternalId="3051" teamId="51" teamKey="3TEAM51" teamName="team51" teamSiteId="3" totalAttempts="0">
    <problemSummaryInfo attempts="0" index="1" isPending="false" isSolved="false" points="0" problemId="Sumit-4650904555601183866" solutionTime="0"/>
    <problemSummaryInfo attempts="0" index="2" isPending="false" isSolved="false" points="0" problemId="Quadrangles-6458124558755971533" solutionTime="0"/>
    <problemSummaryInfo attempts="0" index="3" isPending="false" isSolved="false" points="0" problemId="Routing-834357979615320098" solutionTime="0"/>
    <problemSummaryInfo attempts="0" index="4" isPending="false" isSolved="false" points="0" problemId="Faulty Towers--8192971929586764319" solutionTime="0"/>
    <problemSummaryInfo attempts="0" index="5" isPending="false" isSolved="false" points="0" problemId="London Bridge--3936367307030834338" solutionTime="0"/>
    <problemSummaryInfo attempts="0" index="6" isPending="false" isSolved="false" points="0" problemId="Finnigans Bluff--7882699855589292440" solutionTime="0"/>
  </teamStanding>
  <teamStanding firstSolved="-1" index="52" lastSolved="0" points="0" problemsAttempted="0" rank="4" solved="0" teamAlias="team52 (not aliasesd)" teamExternalId="3052" teamId="52" teamKey="3TEAM52" teamName="team52" teamSiteId="3" totalAttempts="0">
    <problemSummaryInfo attempts="0" index="1" isPending="false" isSolved="false" points="0" problemId="Sumit-4650904555601183866" solutionTime="0"/>
    <problemSummaryInfo attempts="0" index="2" isPending="false" isSolved="false" points="0" problemId="Quadrangles-6458124558755971533" solutionTime="0"/>
    <problemSummaryInfo attempts="0" index="3" isPending="false" isSolved="false" points="0" problemId="Routing-834357979615320098" solutionTime="0"/>
    <problemSummaryInfo attempts="0" index="4" isPending="false" isSolved="false" points="0" problemId="Faulty Towers--8192971929586764319" solutionTime="0"/>
    <problemSummaryInfo attempts="0" index="5" isPending="false" isSolved="false" points="0" problemId="London Bridge--3936367307030834338" solutionTime="0"/>
    <problemSummaryInfo attempts="0" index="6" isPending="false" isSolved="false" points="0" problemId="Finnigans Bluff--7882699855589292440" solutionTime="0"/>
  </teamStanding>
  <teamStanding firstSolved="-1" index="53" lastSolved="0" points="0" problemsAttempted="0" rank="4" solved="0" teamAlias="team53 (not aliasesd)" teamExternalId="3053" teamId="53" teamKey="3TEAM53" teamName="team53" teamSiteId="3" totalAttempts="0">
    <problemSummaryInfo attempts="0" index="1" isPending="false" isSolved="false" points="0" problemId="Sumit-4650904555601183866" solutionTime="0"/>
    <problemSummaryInfo attempts="0" index="2" isPending="false" isSolved="false" points="0" problemId="Quadrangles-6458124558755971533" solutionTime="0"/>
    <problemSummaryInfo attempts="0" index="3" isPending="false" isSolved="false" points="0" problemId="Routing-834357979615320098" solutionTime="0"/>
    <problemSummaryInfo attempts="0" index="4" isPending="false" isSolved="false" points="0" problemId="Faulty Towers--8192971929586764319" solutionTime="0"/>
    <problemSummaryInfo attempts="0" index="5" isPending="false" isSolved="false" points="0" problemId="London Bridge--3936367307030834338" solutionTime="0"/>
    <problemSummaryInfo attempts="0" index="6" isPending="false" isSolved="false" points="0" problemId="Finnigans Bluff--7882699855589292440" solutionTime="0"/>
  </teamStanding>
  <teamStanding firstSolved="-1" index="54" lastSolved="0" points="0" problemsAttempted="0" rank="4" solved="0" teamAlias="team54 (not aliasesd)" teamExternalId="3054" teamId="54" teamKey="3TEAM54" teamName="team54" teamSiteId="3" totalAttempts="0">
    <problemSummaryInfo attempts="0" index="1" isPending="false" isSolved="false" points="0" problemId="Sumit-4650904555601183866" solutionTime="0"/>
    <problemSummaryInfo attempts="0" index="2" isPending="false" isSolved="false" points="0" problemId="Quadrangles-6458124558755971533" solutionTime="0"/>
    <problemSummaryInfo attempts="0" index="3" isPending="false" isSolved="false" points="0" problemId="Routing-834357979615320098" solutionTime="0"/>
    <problemSummaryInfo attempts="0" index="4" isPending="false" isSolved="false" points="0" problemId="Faulty Towers--8192971929586764319" solutionTime="0"/>
    <problemSummaryInfo attempts="0" index="5" isPending="false" isSolved="false" points="0" problemId="London Bridge--3936367307030834338" solutionTime="0"/>
    <problemSummaryInfo attempts="0" index="6" isPending="false" isSolved="false" points="0" problemId="Finnigans Bluff--7882699855589292440" solutionTime="0"/>
  </teamStanding>
  <teamStanding firstSolved="-1" index="55" lastSolved="0" points="0" problemsAttempted="0" rank="4" solved="0" teamAlias="team55 (not aliasesd)" teamExternalId="3055" teamId="55" teamKey="3TEAM55" teamName="team55" teamSiteId="3" totalAttempts="0">
    <problemSummaryInfo attempts="0" index="1" isPending="false" isSolved="false" points="0" problemId="Sumit-4650904555601183866" solutionTime="0"/>
    <problemSummaryInfo attempts="0" index="2" isPending="false" isSolved="false" points="0" problemId="Quadrangles-6458124558755971533" solutionTime="0"/>
    <problemSummaryInfo attempts="0" index="3" isPending="false" isSolved="false" points="0" problemId="Routing-834357979615320098" solutionTime="0"/>
    <problemSummaryInfo attempts="0" index="4" isPending="false" isSolved="false" points="0" problemId="Faulty Towers--8192971929586764319" solutionTime="0"/>
    <problemSummaryInfo attempts="0" index="5" isPending="false" isSolved="false" points="0" problemId="London Bridge--3936367307030834338" solutionTime="0"/>
    <problemSummaryInfo attempts="0" index="6" isPending="false" isSolved="false" points="0" problemId="Finnigans Bluff--7882699855589292440" solutionTime="0"/>
  </teamStanding>
  <teamStanding firstSolved="-1" index="56" lastSolved="0" points="0" problemsAttempted="0" rank="4" solved="0" teamAlias="team56 (not aliasesd)" teamExternalId="3056" teamId="56" teamKey="3TEAM56" teamName="team56" teamSiteId="3" totalAttempts="0">
    <problemSummaryInfo attempts="0" index="1" isPending="false" isSolved="false" points="0" problemId="Sumit-4650904555601183866" solutionTime="0"/>
    <problemSummaryInfo attempts="0" index="2" isPending="false" isSolved="false" points="0" problemId="Quadrangles-6458124558755971533" solutionTime="0"/>
    <problemSummaryInfo attempts="0" index="3" isPending="false" isSolved="false" points="0" problemId="Routing-834357979615320098" solutionTime="0"/>
    <problemSummaryInfo attempts="0" index="4" isPending="false" isSolved="false" points="0" problemId="Faulty Towers--8192971929586764319" solutionTime="0"/>
    <problemSummaryInfo attempts="0" index="5" isPending="false" isSolved="false" points="0" problemId="London Bridge--3936367307030834338" solutionTime="0"/>
    <problemSummaryInfo attempts="0" index="6" isPending="false" isSolved="false" points="0" problemId="Finnigans Bluff--7882699855589292440" solutionTime="0"/>
  </teamStanding>
  <teamStanding firstSolved="-1" index="57" lastSolved="0" points="0" problemsAttempted="0" rank="4" solved="0" teamAlias="team57 (not aliasesd)" teamExternalId="3057" teamId="57" teamKey="3TEAM57" teamName="team57" teamSiteId="3" totalAttempts="0">
    <problemSummaryInfo attempts="0" index="1" isPending="false" isSolved="false" points="0" problemId="Sumit-4650904555601183866" solutionTime="0"/>
    <problemSummaryInfo attempts="0" index="2" isPending="false" isSolved="false" points="0" problemId="Quadrangles-6458124558755971533" solutionTime="0"/>
    <problemSummaryInfo attempts="0" index="3" isPending="false" isSolved="false" points="0" problemId="Routing-834357979615320098" solutionTime="0"/>
    <problemSummaryInfo attempts="0" index="4" isPending="false" isSolved="false" points="0" problemId="Faulty Towers--8192971929586764319" solutionTime="0"/>
    <problemSummaryInfo attempts="0" index="5" isPending="false" isSolved="false" points="0" problemId="London Bridge--3936367307030834338" solutionTime="0"/>
    <problemSummaryInfo attempts="0" index="6" isPending="false" isSolved="false" points="0" problemId="Finnigans Bluff--7882699855589292440" solutionTime="0"/>
  </teamStanding>
  <teamStanding firstSolved="-1" index="58" lastSolved="0" points="0" problemsAttempted="0" rank="4" solved="0" teamAlias="team58 (not aliasesd)" teamExternalId="3058" teamId="58" teamKey="3TEAM58" teamName="team58" teamSiteId="3" totalAttempts="0">
    <problemSummaryInfo attempts="0" index="1" isPending="false" isSolved="false" points="0" problemId="Sumit-4650904555601183866" solutionTime="0"/>
    <problemSummaryInfo attempts="0" index="2" isPending="false" isSolved="false" points="0" problemId="Quadrangles-6458124558755971533" solutionTime="0"/>
    <problemSummaryInfo attempts="0" index="3" isPending="false" isSolved="false" points="0" problemId="Routing-834357979615320098" solutionTime="0"/>
    <problemSummaryInfo attempts="0" index="4" isPending="false" isSolved="false" points="0" problemId="Faulty Towers--8192971929586764319" solutionTime="0"/>
    <problemSummaryInfo attempts="0" index="5" isPending="false" isSolved="false" points="0" problemId="London Bridge--3936367307030834338" solutionTime="0"/>
    <problemSummaryInfo attempts="0" index="6" isPending="false" isSolved="false" points="0" problemId="Finnigans Bluff--7882699855589292440" solutionTime="0"/>
  </teamStanding>
  <teamStanding firstSolved="-1" index="59" lastSolved="0" points="0" problemsAttempted="0" rank="4" solved="0" teamAlias="team59 (not aliasesd)" teamExternalId="3059" teamId="59" teamKey="3TEAM59" teamName="team59" teamSiteId="3" totalAttempts="0">
    <problemSummaryInfo attempts="0" index="1" isPending="false" isSolved="false" points="0" problemId="Sumit-4650904555601183866" solutionTime="0"/>
    <problemSummaryInfo attempts="0" index="2" isPending="false" isSolved="false" points="0" problemId="Quadrangles-6458124558755971533" solutionTime="0"/>
    <problemSummaryInfo attempts="0" index="3" isPending="false" isSolved="false" points="0" problemId="Routing-834357979615320098" solutionTime="0"/>
    <problemSummaryInfo attempts="0" index="4" isPending="false" isSolved="false" points="0" problemId="Faulty Towers--8192971929586764319" solutionTime="0"/>
    <problemSummaryInfo attempts="0" index="5" isPending="false" isSolved="false" points="0" problemId="London Bridge--3936367307030834338" solutionTime="0"/>
    <problemSummaryInfo attempts="0" index="6" isPending="false" isSolved="false" points="0" problemId="Finnigans Bluff--7882699855589292440" solutionTime="0"/>
  </teamStanding>
  <teamStanding firstSolved="-1" index="60" lastSolved="0" points="0" problemsAttempted="0" rank="4" solved="0" teamAlias="team60 (not aliasesd)" teamExternalId="3060" teamId="60" teamKey="3TEAM60" teamName="team60" teamSiteId="3" totalAttempts="0">
    <problemSummaryInfo attempts="0" index="1" isPending="false" isSolved="false" points="0" problemId="Sumit-4650904555601183866" solutionTime="0"/>
    <problemSummaryInfo attempts="0" index="2" isPending="false" isSolved="false" points="0" problemId="Quadrangles-6458124558755971533" solutionTime="0"/>
    <problemSummaryInfo attempts="0" index="3" isPending="false" isSolved="false" points="0" problemId="Routing-834357979615320098" solutionTime="0"/>
    <problemSummaryInfo attempts="0" index="4" isPending="false" isSolved="false" points="0" problemId="Faulty Towers--8192971929586764319" solutionTime="0"/>
    <problemSummaryInfo attempts="0" index="5" isPending="false" isSolved="false" points="0" problemId="London Bridge--3936367307030834338" solutionTime="0"/>
    <problemSummaryInfo attempts="0" index="6" isPending="false" isSolved="false" points="0" problemId="Finnigans Bluff--7882699855589292440" solutionTime="0"/>
  </teamStanding>
  <teamStanding firstSolved="-1" index="61" lastSolved="0" points="0" problemsAttempted="0" rank="4" solved="0" teamAlias="team61 (not aliasesd)" teamExternalId="3061" teamId="61" teamKey="3TEAM61" teamName="team61" teamSiteId="3" totalAttempts="0">
    <problemSummaryInfo attempts="0" index="1" isPending="false" isSolved="false" points="0" problemId="Sumit-4650904555601183866" solutionTime="0"/>
    <problemSummaryInfo attempts="0" index="2" isPending="false" isSolved="false" points="0" problemId="Quadrangles-6458124558755971533" solutionTime="0"/>
    <problemSummaryInfo attempts="0" index="3" isPending="false" isSolved="false" points="0" problemId="Routing-834357979615320098" solutionTime="0"/>
    <problemSummaryInfo attempts="0" index="4" isPending="false" isSolved="false" points="0" problemId="Faulty Towers--8192971929586764319" solutionTime="0"/>
    <problemSummaryInfo attempts="0" index="5" isPending="false" isSolved="false" points="0" problemId="London Bridge--3936367307030834338" solutionTime="0"/>
    <problemSummaryInfo attempts="0" index="6" isPending="false" isSolved="false" points="0" problemId="Finnigans Bluff--7882699855589292440" solutionTime="0"/>
  </teamStanding>
  <teamStanding firstSolved="-1" index="62" lastSolved="0" points="0" problemsAttempted="0" rank="4" solved="0" teamAlias="team62 (not aliasesd)" teamExternalId="3062" teamId="62" teamKey="3TEAM62" teamName="team62" teamSiteId="3" totalAttempts="0">
    <problemSummaryInfo attempts="0" index="1" isPending="false" isSolved="false" points="0" problemId="Sumit-4650904555601183866" solutionTime="0"/>
    <problemSummaryInfo attempts="0" index="2" isPending="false" isSolved="false" points="0" problemId="Quadrangles-6458124558755971533" solutionTime="0"/>
    <problemSummaryInfo attempts="0" index="3" isPending="false" isSolved="false" points="0" problemId="Routing-834357979615320098" solutionTime="0"/>
    <problemSummaryInfo attempts="0" index="4" isPending="false" isSolved="false" points="0" problemId="Faulty Towers--8192971929586764319" solutionTime="0"/>
    <problemSummaryInfo attempts="0" index="5" isPending="false" isSolved="false" points="0" problemId="London Bridge--3936367307030834338" solutionTime="0"/>
    <problemSummaryInfo attempts="0" index="6" isPending="false" isSolved="false" points="0" problemId="Finnigans Bluff--7882699855589292440" solutionTime="0"/>
  </teamStanding>
  <teamStanding firstSolved="-1" index="63" lastSolved="0" points="0" problemsAttempted="0" rank="4" solved="0" teamAlias="team63 (not aliasesd)" teamExternalId="3063" teamId="63" teamKey="3TEAM63" teamName="team63" teamSiteId="3" totalAttempts="0">
    <problemSummaryInfo attempts="0" index="1" isPending="false" isSolved="false" points="0" problemId="Sumit-4650904555601183866" solutionTime="0"/>
    <problemSummaryInfo attempts="0" index="2" isPending="false" isSolved="false" points="0" problemId="Quadrangles-6458124558755971533" solutionTime="0"/>
    <problemSummaryInfo attempts="0" index="3" isPending="false" isSolved="false" points="0" problemId="Routing-834357979615320098" solutionTime="0"/>
    <problemSummaryInfo attempts="0" index="4" isPending="false" isSolved="false" points="0" problemId="Faulty Towers--8192971929586764319" solutionTime="0"/>
    <problemSummaryInfo attempts="0" index="5" isPending="false" isSolved="false" points="0" problemId="London Bridge--3936367307030834338" solutionTime="0"/>
    <problemSummaryInfo attempts="0" index="6" isPending="false" isSolved="false" points="0" problemId="Finnigans Bluff--7882699855589292440" solutionTime="0"/>
  </teamStanding>
  <teamStanding firstSolved="-1" index="64" lastSolved="0" points="0" problemsAttempted="0" rank="4" solved="0" teamAlias="team64 (not aliasesd)" teamExternalId="3064" teamId="64" teamKey="3TEAM64" teamName="team64" teamSiteId="3" totalAttempts="0">
    <problemSummaryInfo attempts="0" index="1" isPending="false" isSolved="false" points="0" problemId="Sumit-4650904555601183866" solutionTime="0"/>
    <problemSummaryInfo attempts="0" index="2" isPending="false" isSolved="false" points="0" problemId="Quadrangles-6458124558755971533" solutionTime="0"/>
    <problemSummaryInfo attempts="0" index="3" isPending="false" isSolved="false" points="0" problemId="Routing-834357979615320098" solutionTime="0"/>
    <problemSummaryInfo attempts="0" index="4" isPending="false" isSolved="false" points="0" problemId="Faulty Towers--8192971929586764319" solutionTime="0"/>
    <problemSummaryInfo attempts="0" index="5" isPending="false" isSolved="false" points="0" problemId="London Bridge--3936367307030834338" solutionTime="0"/>
    <problemSummaryInfo attempts="0" index="6" isPending="false" isSolved="false" points="0" problemId="Finnigans Bluff--7882699855589292440" solutionTime="0"/>
  </teamStanding>
  <teamStanding firstSolved="-1" index="65" lastSolved="0" points="0" problemsAttempted="0" rank="4" solved="0" teamAlias="team65 (not aliasesd)" teamExternalId="3065" teamId="65" teamKey="3TEAM65" teamName="team65" teamSiteId="3" totalAttempts="0">
    <problemSummaryInfo attempts="0" index="1" isPending="false" isSolved="false" points="0" problemId="Sumit-4650904555601183866" solutionTime="0"/>
    <problemSummaryInfo attempts="0" index="2" isPending="false" isSolved="false" points="0" problemId="Quadrangles-6458124558755971533" solutionTime="0"/>
    <problemSummaryInfo attempts="0" index="3" isPending="false" isSolved="false" points="0" problemId="Routing-834357979615320098" solutionTime="0"/>
    <problemSummaryInfo attempts="0" index="4" isPending="false" isSolved="false" points="0" problemId="Faulty Towers--8192971929586764319" solutionTime="0"/>
    <problemSummaryInfo attempts="0" index="5" isPending="false" isSolved="false" points="0" problemId="London Bridge--3936367307030834338" solutionTime="0"/>
    <problemSummaryInfo attempts="0" index="6" isPending="false" isSolved="false" points="0" problemId="Finnigans Bluff--7882699855589292440" solutionTime="0"/>
  </teamStanding>
  <teamStanding firstSolved="-1" index="66" lastSolved="0" points="0" problemsAttempted="0" rank="4" solved="0" teamAlias="team66 (not aliasesd)" teamExternalId="3066" teamId="66" teamKey="3TEAM66" teamName="team66" teamSiteId="3" totalAttempts="0">
    <problemSummaryInfo attempts="0" index="1" isPending="false" isSolved="false" points="0" problemId="Sumit-4650904555601183866" solutionTime="0"/>
    <problemSummaryInfo attempts="0" index="2" isPending="false" isSolved="false" points="0" problemId="Quadrangles-6458124558755971533" solutionTime="0"/>
    <problemSummaryInfo attempts="0" index="3" isPending="false" isSolved="false" points="0" problemId="Routing-834357979615320098" solutionTime="0"/>
    <problemSummaryInfo attempts="0" index="4" isPending="false" isSolved="false" points="0" problemId="Faulty Towers--8192971929586764319" solutionTime="0"/>
    <problemSummaryInfo attempts="0" index="5" isPending="false" isSolved="false" points="0" problemId="London Bridge--3936367307030834338" solutionTime="0"/>
    <problemSummaryInfo attempts="0" index="6" isPending="false" isSolved="false" points="0" problemId="Finnigans Bluff--7882699855589292440" solutionTime="0"/>
  </teamStanding>
  <teamStanding firstSolved="-1" index="67" lastSolved="0" points="0" problemsAttempted="0" rank="4" solved="0" teamAlias="team67 (not aliasesd)" teamExternalId="3067" teamId="67" teamKey="3TEAM67" teamName="team67" teamSiteId="3" totalAttempts="0">
    <problemSummaryInfo attempts="0" index="1" isPending="false" isSolved="false" points="0" problemId="Sumit-4650904555601183866" solutionTime="0"/>
    <problemSummaryInfo attempts="0" index="2" isPending="false" isSolved="false" points="0" problemId="Quadrangles-6458124558755971533" solutionTime="0"/>
    <problemSummaryInfo attempts="0" index="3" isPending="false" isSolved="false" points="0" problemId="Routing-834357979615320098" solutionTime="0"/>
    <problemSummaryInfo attempts="0" index="4" isPending="false" isSolved="false" points="0" problemId="Faulty Towers--8192971929586764319" solutionTime="0"/>
    <problemSummaryInfo attempts="0" index="5" isPending="false" isSolved="false" points="0" problemId="London Bridge--3936367307030834338" solutionTime="0"/>
    <problemSummaryInfo attempts="0" index="6" isPending="false" isSolved="false" points="0" problemId="Finnigans Bluff--7882699855589292440" solutionTime="0"/>
  </teamStanding>
  <teamStanding firstSolved="-1" index="68" lastSolved="0" points="0" problemsAttempted="0" rank="4" solved="0" teamAlias="team68 (not aliasesd)" teamExternalId="3068" teamId="68" teamKey="3TEAM68" teamName="team68" teamSiteId="3" totalAttempts="0">
    <problemSummaryInfo attempts="0" index="1" isPending="false" isSolved="false" points="0" problemId="Sumit-4650904555601183866" solutionTime="0"/>
    <problemSummaryInfo attempts="0" index="2" isPending="false" isSolved="false" points="0" problemId="Quadrangles-6458124558755971533" solutionTime="0"/>
    <problemSummaryInfo attempts="0" index="3" isPending="false" isSolved="false" points="0" problemId="Routing-834357979615320098" solutionTime="0"/>
    <problemSummaryInfo attempts="0" index="4" isPending="false" isSolved="false" points="0" problemId="Faulty Towers--8192971929586764319" solutionTime="0"/>
    <problemSummaryInfo attempts="0" index="5" isPending="false" isSolved="false" points="0" problemId="London Bridge--3936367307030834338" solutionTime="0"/>
    <problemSummaryInfo attempts="0" index="6" isPending="false" isSolved="false" points="0" problemId="Finnigans Bluff--7882699855589292440" solutionTime="0"/>
  </teamStanding>
  <teamStanding firstSolved="-1" index="69" lastSolved="0" points="0" problemsAttempted="0" rank="4" solved="0" teamAlias="team69 (not aliasesd)" teamExternalId="3069" teamId="69" teamKey="3TEAM69" teamName="team69" teamSiteId="3" totalAttempts="0">
    <problemSummaryInfo attempts="0" index="1" isPending="false" isSolved="false" points="0" problemId="Sumit-4650904555601183866" solutionTime="0"/>
    <problemSummaryInfo attempts="0" index="2" isPending="false" isSolved="false" points="0" problemId="Quadrangles-6458124558755971533" solutionTime="0"/>
    <problemSummaryInfo attempts="0" index="3" isPending="false" isSolved="false" points="0" problemId="Routing-834357979615320098" solutionTime="0"/>
    <problemSummaryInfo attempts="0" index="4" isPending="false" isSolved="false" points="0" problemId="Faulty Towers--8192971929586764319" solutionTime="0"/>
    <problemSummaryInfo attempts="0" index="5" isPending="false" isSolved="false" points="0" problemId="London Bridge--3936367307030834338" solutionTime="0"/>
    <problemSummaryInfo attempts="0" index="6" isPending="false" isSolved="false" points="0" problemId="Finnigans Bluff--7882699855589292440" solutionTime="0"/>
  </teamStanding>
  <teamStanding firstSolved="-1" index="70" lastSolved="0" points="0" problemsAttempted="0" rank="4" solved="0" teamAlias="team70 (not aliasesd)" teamExternalId="3070" teamId="70" teamKey="3TEAM70" teamName="team70" teamSiteId="3" totalAttempts="0">
    <problemSummaryInfo attempts="0" index="1" isPending="false" isSolved="false" points="0" problemId="Sumit-4650904555601183866" solutionTime="0"/>
    <problemSummaryInfo attempts="0" index="2" isPending="false" isSolved="false" points="0" problemId="Quadrangles-6458124558755971533" solutionTime="0"/>
    <problemSummaryInfo attempts="0" index="3" isPending="false" isSolved="false" points="0" problemId="Routing-834357979615320098" solutionTime="0"/>
    <problemSummaryInfo attempts="0" index="4" isPending="false" isSolved="false" points="0" problemId="Faulty Towers--8192971929586764319" solutionTime="0"/>
    <problemSummaryInfo attempts="0" index="5" isPending="false" isSolved="false" points="0" problemId="London Bridge--3936367307030834338" solutionTime="0"/>
    <problemSummaryInfo attempts="0" index="6" isPending="false" isSolved="false" points="0" problemId="Finnigans Bluff--7882699855589292440" solutionTime="0"/>
  </teamStanding>
  <teamStanding firstSolved="-1" index="71" lastSolved="0" points="0" problemsAttempted="0" rank="4" solved="0" teamAlias="team71 (not aliasesd)" teamExternalId="3071" teamId="71" teamKey="3TEAM71" teamName="team71" teamSiteId="3" totalAttempts="0">
    <problemSummaryInfo attempts="0" index="1" isPending="false" isSolved="false" points="0" problemId="Sumit-4650904555601183866" solutionTime="0"/>
    <problemSummaryInfo attempts="0" index="2" isPending="false" isSolved="false" points="0" problemId="Quadrangles-6458124558755971533" solutionTime="0"/>
    <problemSummaryInfo attempts="0" index="3" isPending="false" isSolved="false" points="0" problemId="Routing-834357979615320098" solutionTime="0"/>
    <problemSummaryInfo attempts="0" index="4" isPending="false" isSolved="false" points="0" problemId="Faulty Towers--8192971929586764319" solutionTime="0"/>
    <problemSummaryInfo attempts="0" index="5" isPending="false" isSolved="false" points="0" problemId="London Bridge--3936367307030834338" solutionTime="0"/>
    <problemSummaryInfo attempts="0" index="6" isPending="false" isSolved="false" points="0" problemId="Finnigans Bluff--7882699855589292440" solutionTime="0"/>
  </teamStanding>
  <teamStanding firstSolved="-1" index="72" lastSolved="0" points="0" problemsAttempted="0" rank="4" solved="0" teamAlias="team72 (not aliasesd)" teamExternalId="3072" teamId="72" teamKey="3TEAM72" teamName="team72" teamSiteId="3" totalAttempts="0">
    <problemSummaryInfo attempts="0" index="1" isPending="false" isSolved="false" points="0" problemId="Sumit-4650904555601183866" solutionTime="0"/>
    <problemSummaryInfo attempts="0" index="2" isPending="false" isSolved="false" points="0" problemId="Quadrangles-6458124558755971533" solutionTime="0"/>
    <problemSummaryInfo attempts="0" index="3" isPending="false" isSolved="false" points="0" problemId="Routing-834357979615320098" solutionTime="0"/>
    <problemSummaryInfo attempts="0" index="4" isPending="false" isSolved="false" points="0" problemId="Faulty Towers--8192971929586764319" solutionTime="0"/>
    <problemSummaryInfo attempts="0" index="5" isPending="false" isSolved="false" points="0" problemId="London Bridge--3936367307030834338" solutionTime="0"/>
    <problemSummaryInfo attempts="0" index="6" isPending="false" isSolved="false" points="0" problemId="Finnigans Bluff--7882699855589292440" solutionTime="0"/>
  </teamStanding>
  <teamStanding firstSolved="-1" index="73" lastSolved="0" points="0" problemsAttempted="0" rank="4" solved="0" teamAlias="team73 (not aliasesd)" teamExternalId="3073" teamId="73" teamKey="3TEAM73" teamName="team73" teamSiteId="3" totalAttempts="0">
    <problemSummaryInfo attempts="0" index="1" isPending="false" isSolved="false" points="0" problemId="Sumit-4650904555601183866" solutionTime="0"/>
    <problemSummaryInfo attempts="0" index="2" isPending="false" isSolved="false" points="0" problemId="Quadrangles-6458124558755971533" solutionTime="0"/>
    <problemSummaryInfo attempts="0" index="3" isPending="false" isSolved="false" points="0" problemId="Routing-834357979615320098" solutionTime="0"/>
    <problemSummaryInfo attempts="0" index="4" isPending="false" isSolved="false" points="0" problemId="Faulty Towers--8192971929586764319" solutionTime="0"/>
    <problemSummaryInfo attempts="0" index="5" isPending="false" isSolved="false" points="0" problemId="London Bridge--3936367307030834338" solutionTime="0"/>
    <problemSummaryInfo attempts="0" index="6" isPending="false" isSolved="false" points="0" problemId="Finnigans Bluff--7882699855589292440" solutionTime="0"/>
  </teamStanding>
  <teamStanding firstSolved="-1" index="74" lastSolved="0" points="0" problemsAttempted="0" rank="4" solved="0" teamAlias="team74 (not aliasesd)" teamExternalId="3074" teamId="74" teamKey="3TEAM74" teamName="team74" teamSiteId="3" totalAttempts="0">
    <problemSummaryInfo attempts="0" index="1" isPending="false" isSolved="false" points="0" problemId="Sumit-4650904555601183866" solutionTime="0"/>
    <problemSummaryInfo attempts="0" index="2" isPending="false" isSolved="false" points="0" problemId="Quadrangles-6458124558755971533" solutionTime="0"/>
    <problemSummaryInfo attempts="0" index="3" isPending="false" isSolved="false" points="0" problemId="Routing-834357979615320098" solutionTime="0"/>
    <problemSummaryInfo attempts="0" index="4" isPending="false" isSolved="false" points="0" problemId="Faulty Towers--8192971929586764319" solutionTime="0"/>
    <problemSummaryInfo attempts="0" index="5" isPending="false" isSolved="false" points="0" problemId="London Bridge--3936367307030834338" solutionTime="0"/>
    <problemSummaryInfo attempts="0" index="6" isPending="false" isSolved="false" points="0" problemId="Finnigans Bluff--7882699855589292440" solutionTime="0"/>
  </teamStanding>
  <teamStanding firstSolved="-1" index="75" lastSolved="0" points="0" problemsAttempted="0" rank="4" solved="0" teamAlias="team75 (not aliasesd)" teamExternalId="3075" teamId="75" teamKey="3TEAM75" teamName="team75" teamSiteId="3" totalAttempts="0">
    <problemSummaryInfo attempts="0" index="1" isPending="false" isSolved="false" points="0" problemId="Sumit-4650904555601183866" solutionTime="0"/>
    <problemSummaryInfo attempts="0" index="2" isPending="false" isSolved="false" points="0" problemId="Quadrangles-6458124558755971533" solutionTime="0"/>
    <problemSummaryInfo attempts="0" index="3" isPending="false" isSolved="false" points="0" problemId="Routing-834357979615320098" solutionTime="0"/>
    <problemSummaryInfo attempts="0" index="4" isPending="false" isSolved="false" points="0" problemId="Faulty Towers--8192971929586764319" solutionTime="0"/>
    <problemSummaryInfo attempts="0" index="5" isPending="false" isSolved="false" points="0" problemId="London Bridge--3936367307030834338" solutionTime="0"/>
    <problemSummaryInfo attempts="0" index="6" isPending="false" isSolved="false" points="0" problemId="Finnigans Bluff--7882699855589292440" solutionTime="0"/>
  </teamStanding>
  <teamStanding firstSolved="-1" index="76" lastSolved="0" points="0" problemsAttempted="0" rank="4" solved="0" teamAlias="team76 (not aliasesd)" teamExternalId="3076" teamId="76" teamKey="3TEAM76" teamName="team76" teamSiteId="3" totalAttempts="0">
    <problemSummaryInfo attempts="0" index="1" isPending="false" isSolved="false" points="0" problemId="Sumit-4650904555601183866" solutionTime="0"/>
    <problemSummaryInfo attempts="0" index="2" isPending="false" isSolved="false" points="0" problemId="Quadrangles-6458124558755971533" solutionTime="0"/>
    <problemSummaryInfo attempts="0" index="3" isPending="false" isSolved="false" points="0" problemId="Routing-834357979615320098" solutionTime="0"/>
    <problemSummaryInfo attempts="0" index="4" isPending="false" isSolved="false" points="0" problemId="Faulty Towers--8192971929586764319" solutionTime="0"/>
    <problemSummaryInfo attempts="0" index="5" isPending="false" isSolved="false" points="0" problemId="London Bridge--3936367307030834338" solutionTime="0"/>
    <problemSummaryInfo attempts="0" index="6" isPending="false" isSolved="false" points="0" problemId="Finnigans Bluff--7882699855589292440" solutionTime="0"/>
  </teamStanding>
  <teamStanding firstSolved="-1" index="77" lastSolved="0" points="0" problemsAttempted="0" rank="4" solved="0" teamAlias="team77 (not aliasesd)" teamExternalId="3077" teamId="77" teamKey="3TEAM77" teamName="team77" teamSiteId="3" totalAttempts="0">
    <problemSummaryInfo attempts="0" index="1" isPending="false" isSolved="false" points="0" problemId="Sumit-4650904555601183866" solutionTime="0"/>
    <problemSummaryInfo attempts="0" index="2" isPending="false" isSolved="false" points="0" problemId="Quadrangles-6458124558755971533" solutionTime="0"/>
    <problemSummaryInfo attempts="0" index="3" isPending="false" isSolved="false" points="0" problemId="Routing-834357979615320098" solutionTime="0"/>
    <problemSummaryInfo attempts="0" index="4" isPending="false" isSolved="false" points="0" problemId="Faulty Towers--8192971929586764319" solutionTime="0"/>
    <problemSummaryInfo attempts="0" index="5" isPending="false" isSolved="false" points="0" problemId="London Bridge--3936367307030834338" solutionTime="0"/>
    <problemSummaryInfo attempts="0" index="6" isPending="false" isSolved="false" points="0" problemId="Finnigans Bluff--7882699855589292440" solutionTime="0"/>
  </teamStanding>
  <teamStanding firstSolved="-1" index="78" lastSolved="0" points="0" problemsAttempted="0" rank="4" solved="0" teamAlias="team78 (not aliasesd)" teamExternalId="3078" teamId="78" teamKey="3TEAM78" teamName="team78" teamSiteId="3" totalAttempts="0">
    <problemSummaryInfo attempts="0" index="1" isPending="false" isSolved="false" points="0" problemId="Sumit-4650904555601183866" solutionTime="0"/>
    <problemSummaryInfo attempts="0" index="2" isPending="false" isSolved="false" points="0" problemId="Quadrangles-6458124558755971533" solutionTime="0"/>
    <problemSummaryInfo attempts="0" index="3" isPending="false" isSolved="false" points="0" problemId="Routing-834357979615320098" solutionTime="0"/>
    <problemSummaryInfo attempts="0" index="4" isPending="false" isSolved="false" points="0" problemId="Faulty Towers--8192971929586764319" solutionTime="0"/>
    <problemSummaryInfo attempts="0" index="5" isPending="false" isSolved="false" points="0" problemId="London Bridge--3936367307030834338" solutionTime="0"/>
    <problemSummaryInfo attempts="0" index="6" isPending="false" isSolved="false" points="0" problemId="Finnigans Bluff--7882699855589292440" solutionTime="0"/>
  </teamStanding>
  <teamStanding firstSolved="-1" index="79" lastSolved="0" points="0" problemsAttempted="0" rank="4" solved="0" teamAlias="team79 (not aliasesd)" teamExternalId="3079" teamId="79" teamKey="3TEAM79" teamName="team79" teamSiteId="3" totalAttempts="0">
    <problemSummaryInfo attempts="0" index="1" isPending="false" isSolved="false" points="0" problemId="Sumit-4650904555601183866" solutionTime="0"/>
    <problemSummaryInfo attempts="0" index="2" isPending="false" isSolved="false" points="0" problemId="Quadrangles-6458124558755971533" solutionTime="0"/>
    <problemSummaryInfo attempts="0" index="3" isPending="false" isSolved="false" points="0" problemId="Routing-834357979615320098" solutionTime="0"/>
    <problemSummaryInfo attempts="0" index="4" isPending="false" isSolved="false" points="0" problemId="Faulty Towers--8192971929586764319" solutionTime="0"/>
    <problemSummaryInfo attempts="0" index="5" isPending="false" isSolved="false" points="0" problemId="London Bridge--3936367307030834338" solutionTime="0"/>
    <problemSummaryInfo attempts="0" index="6" isPending="false" isSolved="false" points="0" problemId="Finnigans Bluff--7882699855589292440" solutionTime="0"/>
  </teamStanding>
  <teamStanding firstSolved="-1" index="80" lastSolved="0" points="0" problemsAttempted="0" rank="4" solved="0" teamAlias="team80 (not aliasesd)" teamExternalId="3080" teamId="80" teamKey="3TEAM80" teamName="team80" teamSiteId="3" totalAttempts="0">
    <problemSummaryInfo attempts="0" index="1" isPending="false" isSolved="false" points="0" problemId="Sumit-4650904555601183866" solutionTime="0"/>
    <problemSummaryInfo attempts="0" index="2" isPending="false" isSolved="false" points="0" problemId="Quadrangles-6458124558755971533" solutionTime="0"/>
    <problemSummaryInfo attempts="0" index="3" isPending="false" isSolved="false" points="0" problemId="Routing-834357979615320098" solutionTime="0"/>
    <problemSummaryInfo attempts="0" index="4" isPending="false" isSolved="false" points="0" problemId="Faulty Towers--8192971929586764319" solutionTime="0"/>
    <problemSummaryInfo attempts="0" index="5" isPending="false" isSolved="false" points="0" problemId="London Bridge--3936367307030834338" solutionTime="0"/>
    <problemSummaryInfo attempts="0" index="6" isPending="false" isSolved="false" points="0" problemId="Finnigans Bluff--7882699855589292440" solutionTime="0"/>
  </teamStanding>
  <teamStanding firstSolved="-1" index="81" lastSolved="0" points="0" problemsAttempted="0" rank="4" solved="0" teamAlias="team81 (not aliasesd)" teamExternalId="3081" teamId="81" teamKey="3TEAM81" teamName="team81" teamSiteId="3" totalAttempts="0">
    <problemSummaryInfo attempts="0" index="1" isPending="false" isSolved="false" points="0" problemId="Sumit-4650904555601183866" solutionTime="0"/>
    <problemSummaryInfo attempts="0" index="2" isPending="false" isSolved="false" points="0" problemId="Quadrangles-6458124558755971533" solutionTime="0"/>
    <problemSummaryInfo attempts="0" index="3" isPending="false" isSolved="false" points="0" problemId="Routing-834357979615320098" solutionTime="0"/>
    <problemSummaryInfo attempts="0" index="4" isPending="false" isSolved="false" points="0" problemId="Faulty Towers--8192971929586764319" solutionTime="0"/>
    <problemSummaryInfo attempts="0" index="5" isPending="false" isSolved="false" points="0" problemId="London Bridge--3936367307030834338" solutionTime="0"/>
    <problemSummaryInfo attempts="0" index="6" isPending="false" isSolved="false" points="0" problemId="Finnigans Bluff--7882699855589292440" solutionTime="0"/>
  </teamStanding>
  <teamStanding firstSolved="-1" index="82" lastSolved="0" points="0" problemsAttempted="0" rank="4" solved="0" teamAlias="team82 (not aliasesd)" teamExternalId="3082" teamId="82" teamKey="3TEAM82" teamName="team82" teamSiteId="3" totalAttempts="0">
    <problemSummaryInfo attempts="0" index="1" isPending="false" isSolved="false" points="0" problemId="Sumit-4650904555601183866" solutionTime="0"/>
    <problemSummaryInfo attempts="0" index="2" isPending="false" isSolved="false" points="0" problemId="Quadrangles-6458124558755971533" solutionTime="0"/>
    <problemSummaryInfo attempts="0" index="3" isPending="false" isSolved="false" points="0" problemId="Routing-834357979615320098" solutionTime="0"/>
    <problemSummaryInfo attempts="0" index="4" isPending="false" isSolved="false" points="0" problemId="Faulty Towers--8192971929586764319" solutionTime="0"/>
    <problemSummaryInfo attempts="0" index="5" isPending="false" isSolved="false" points="0" problemId="London Bridge--3936367307030834338" solutionTime="0"/>
    <problemSummaryInfo attempts="0" index="6" isPending="false" isSolved="false" points="0" problemId="Finnigans Bluff--7882699855589292440" solutionTime="0"/>
  </teamStanding>
  <teamStanding firstSolved="-1" index="83" lastSolved="0" points="0" problemsAttempted="0" rank="4" solved="0" teamAlias="team83 (not aliasesd)" teamExternalId="3083" teamId="83" teamKey="3TEAM83" teamName="team83" teamSiteId="3" totalAttempts="0">
    <problemSummaryInfo attempts="0" index="1" isPending="false" isSolved="false" points="0" problemId="Sumit-4650904555601183866" solutionTime="0"/>
    <problemSummaryInfo attempts="0" index="2" isPending="false" isSolved="false" points="0" problemId="Quadrangles-6458124558755971533" solutionTime="0"/>
    <problemSummaryInfo attempts="0" index="3" isPending="false" isSolved="false" points="0" problemId="Routing-834357979615320098" solutionTime="0"/>
    <problemSummaryInfo attempts="0" index="4" isPending="false" isSolved="false" points="0" problemId="Faulty Towers--8192971929586764319" solutionTime="0"/>
    <problemSummaryInfo attempts="0" index="5" isPending="false" isSolved="false" points="0" problemId="London Bridge--3936367307030834338" solutionTime="0"/>
    <problemSummaryInfo attempts="0" index="6" isPending="false" isSolved="false" points="0" problemId="Finnigans Bluff--7882699855589292440" solutionTime="0"/>
  </teamStanding>
  <teamStanding firstSolved="-1" index="84" lastSolved="0" points="0" problemsAttempted="0" rank="4" solved="0" teamAlias="team84 (not aliasesd)" teamExternalId="3084" teamId="84" teamKey="3TEAM84" teamName="team84" teamSiteId="3" totalAttempts="0">
    <problemSummaryInfo attempts="0" index="1" isPending="false" isSolved="false" points="0" problemId="Sumit-4650904555601183866" solutionTime="0"/>
    <problemSummaryInfo attempts="0" index="2" isPending="false" isSolved="false" points="0" problemId="Quadrangles-6458124558755971533" solutionTime="0"/>
    <problemSummaryInfo attempts="0" index="3" isPending="false" isSolved="false" points="0" problemId="Routing-834357979615320098" solutionTime="0"/>
    <problemSummaryInfo attempts="0" index="4" isPending="false" isSolved="false" points="0" problemId="Faulty Towers--8192971929586764319" solutionTime="0"/>
    <problemSummaryInfo attempts="0" index="5" isPending="false" isSolved="false" points="0" problemId="London Bridge--3936367307030834338" solutionTime="0"/>
    <problemSummaryInfo attempts="0" index="6" isPending="false" isSolved="false" points="0" problemId="Finnigans Bluff--7882699855589292440" solutionTime="0"/>
  </teamStanding>
  <teamStanding firstSolved="-1" index="85" lastSolved="0" points="0" problemsAttempted="0" rank="4" solved="0" teamAlias="team85 (not aliasesd)" teamExternalId="3085" teamId="85" teamKey="3TEAM85" teamName="team85" teamSiteId="3" totalAttempts="0">
    <problemSummaryInfo attempts="0" index="1" isPending="false" isSolved="false" points="0" problemId="Sumit-4650904555601183866" solutionTime="0"/>
    <problemSummaryInfo attempts="0" index="2" isPending="false" isSolved="false" points="0" problemId="Quadrangles-6458124558755971533" solutionTime="0"/>
    <problemSummaryInfo attempts="0" index="3" isPending="false" isSolved="false" points="0" problemId="Routing-834357979615320098" solutionTime="0"/>
    <problemSummaryInfo attempts="0" index="4" isPending="false" isSolved="false" points="0" problemId="Faulty Towers--8192971929586764319" solutionTime="0"/>
    <problemSummaryInfo attempts="0" index="5" isPending="false" isSolved="false" points="0" problemId="London Bridge--3936367307030834338" solutionTime="0"/>
    <problemSummaryInfo attempts="0" index="6" isPending="false" isSolved="false" points="0" problemId="Finnigans Bluff--7882699855589292440" solutionTime="0"/>
  </teamStanding>
  <teamStanding firstSolved="-1" index="86" lastSolved="0" points="0" problemsAttempted="0" rank="4" solved="0" teamAlias="team86 (not aliasesd)" teamExternalId="3086" teamId="86" teamKey="3TEAM86" teamName="team86" teamSiteId="3" totalAttempts="0">
    <problemSummaryInfo attempts="0" index="1" isPending="false" isSolved="false" points="0" problemId="Sumit-4650904555601183866" solutionTime="0"/>
    <problemSummaryInfo attempts="0" index="2" isPending="false" isSolved="false" points="0" problemId="Quadrangles-6458124558755971533" solutionTime="0"/>
    <problemSummaryInfo attempts="0" index="3" isPending="false" isSolved="false" points="0" problemId="Routing-834357979615320098" solutionTime="0"/>
    <problemSummaryInfo attempts="0" index="4" isPending="false" isSolved="false" points="0" problemId="Faulty Towers--8192971929586764319" solutionTime="0"/>
    <problemSummaryInfo attempts="0" index="5" isPending="false" isSolved="false" points="0" problemId="London Bridge--3936367307030834338" solutionTime="0"/>
    <problemSummaryInfo attempts="0" index="6" isPending="false" isSolved="false" points="0" problemId="Finnigans Bluff--7882699855589292440" solutionTime="0"/>
  </teamStanding>
  <teamStanding firstSolved="-1" index="87" lastSolved="0" points="0" problemsAttempted="0" rank="4" solved="0" teamAlias="team87 (not aliasesd)" teamExternalId="3087" teamId="87" teamKey="3TEAM87" teamName="team87" teamSiteId="3" totalAttempts="0">
    <problemSummaryInfo attempts="0" index="1" isPending="false" isSolved="false" points="0" problemId="Sumit-4650904555601183866" solutionTime="0"/>
    <problemSummaryInfo attempts="0" index="2" isPending="false" isSolved="false" points="0" problemId="Quadrangles-6458124558755971533" solutionTime="0"/>
    <problemSummaryInfo attempts="0" index="3" isPending="false" isSolved="false" points="0" problemId="Routing-834357979615320098" solutionTime="0"/>
    <problemSummaryInfo attempts="0" index="4" isPending="false" isSolved="false" points="0" problemId="Faulty Towers--8192971929586764319" solutionTime="0"/>
    <problemSummaryInfo attempts="0" index="5" isPending="false" isSolved="false" points="0" problemId="London Bridge--3936367307030834338" solutionTime="0"/>
    <problemSummaryInfo attempts="0" index="6" isPending="false" isSolved="false" points="0" problemId="Finnigans Bluff--7882699855589292440" solutionTime="0"/>
  </teamStanding>
  <teamStanding firstSolved="-1" index="88" lastSolved="0" points="0" problemsAttempted="0" rank="4" solved="0" teamAlias="team88 (not aliasesd)" teamExternalId="3088" teamId="88" teamKey="3TEAM88" teamName="team88" teamSiteId="3" totalAttempts="0">
    <problemSummaryInfo attempts="0" index="1" isPending="false" isSolved="false" points="0" problemId="Sumit-4650904555601183866" solutionTime="0"/>
    <problemSummaryInfo attempts="0" index="2" isPending="false" isSolved="false" points="0" problemId="Quadrangles-6458124558755971533" solutionTime="0"/>
    <problemSummaryInfo attempts="0" index="3" isPending="false" isSolved="false" points="0" problemId="Routing-834357979615320098" solutionTime="0"/>
    <problemSummaryInfo attempts="0" index="4" isPending="false" isSolved="false" points="0" problemId="Faulty Towers--8192971929586764319" solutionTime="0"/>
    <problemSummaryInfo attempts="0" index="5" isPending="false" isSolved="false" points="0" problemId="London Bridge--3936367307030834338" solutionTime="0"/>
    <problemSummaryInfo attempts="0" index="6" isPending="false" isSolved="false" points="0" problemId="Finnigans Bluff--7882699855589292440" solutionTime="0"/>
  </teamStanding>
  <teamStanding firstSolved="-1" index="89" lastSolved="0" points="0" problemsAttempted="0" rank="4" solved="0" teamAlias="team89 (not aliasesd)" teamExternalId="3089" teamId="89" teamKey="3TEAM89" teamName="team89" teamSiteId="3" totalAttempts="0">
    <problemSummaryInfo attempts="0" index="1" isPending="false" isSolved="false" points="0" problemId="Sumit-4650904555601183866" solutionTime="0"/>
    <problemSummaryInfo attempts="0" index="2" isPending="false" isSolved="false" points="0" problemId="Quadrangles-6458124558755971533" solutionTime="0"/>
    <problemSummaryInfo attempts="0" index="3" isPending="false" isSolved="false" points="0" problemId="Routing-834357979615320098" solutionTime="0"/>
    <problemSummaryInfo attempts="0" index="4" isPending="false" isSolved="false" points="0" problemId="Faulty Towers--8192971929586764319" solutionTime="0"/>
    <problemSummaryInfo attempts="0" index="5" isPending="false" isSolved="false" points="0" problemId="London Bridge--3936367307030834338" solutionTime="0"/>
    <problemSummaryInfo attempts="0" index="6" isPending="false" isSolved="false" points="0" problemId="Finnigans Bluff--7882699855589292440" solutionTime="0"/>
  </teamStanding>
  <teamStanding firstSolved="-1" index="90" lastSolved="0" points="0" problemsAttempted="0" rank="4" solved="0" teamAlias="team91 (not aliasesd)" teamExternalId="3091" teamId="91" teamKey="3TEAM91" teamName="team91" teamSiteId="3" totalAttempts="0">
    <problemSummaryInfo attempts="0" index="1" isPending="false" isSolved="false" points="0" problemId="Sumit-4650904555601183866" solutionTime="0"/>
    <problemSummaryInfo attempts="0" index="2" isPending="false" isSolved="false" points="0" problemId="Quadrangles-6458124558755971533" solutionTime="0"/>
    <problemSummaryInfo attempts="0" index="3" isPending="false" isSolved="false" points="0" problemId="Routing-834357979615320098" solutionTime="0"/>
    <problemSummaryInfo attempts="0" index="4" isPending="false" isSolved="false" points="0" problemId="Faulty Towers--8192971929586764319" solutionTime="0"/>
    <problemSummaryInfo attempts="0" index="5" isPending="false" isSolved="false" points="0" problemId="London Bridge--3936367307030834338" solutionTime="0"/>
    <problemSummaryInfo attempts="0" index="6" isPending="false" isSolved="false" points="0" problemId="Finnigans Bluff--7882699855589292440" solutionTime="0"/>
  </teamStanding>
  <teamStanding firstSolved="-1" index="91" lastSolved="0" points="0" problemsAttempted="0" rank="4" solved="0" teamAlias="team92 (not aliasesd)" teamExternalId="3092" teamId="92" teamKey="3TEAM92" teamName="team92" teamSiteId="3" totalAttempts="0">
    <problemSummaryInfo attempts="0" index="1" isPending="false" isSolved="false" points="0" problemId="Sumit-4650904555601183866" solutionTime="0"/>
    <problemSummaryInfo attempts="0" index="2" isPending="false" isSolved="false" points="0" problemId="Quadrangles-6458124558755971533" solutionTime="0"/>
    <problemSummaryInfo attempts="0" index="3" isPending="false" isSolved="false" points="0" problemId="Routing-834357979615320098" solutionTime="0"/>
    <problemSummaryInfo attempts="0" index="4" isPending="false" isSolved="false" points="0" problemId="Faulty Towers--8192971929586764319" solutionTime="0"/>
    <problemSummaryInfo attempts="0" index="5" isPending="false" isSolved="false" points="0" problemId="London Bridge--3936367307030834338" solutionTime="0"/>
    <problemSummaryInfo attempts="0" index="6" isPending="false" isSolved="false" points="0" problemId="Finnigans Bluff--7882699855589292440" solutionTime="0"/>
  </teamStanding>
  <teamStanding firstSolved="-1" index="92" lastSolved="0" points="0" problemsAttempted="0" rank="4" solved="0" teamAlias="team93 (not aliasesd)" teamExternalId="3093" teamId="93" teamKey="3TEAM93" teamName="team93" teamSiteId="3" totalAttempts="0">
    <problemSummaryInfo attempts="0" index="1" isPending="false" isSolved="false" points="0" problemId="Sumit-4650904555601183866" solutionTime="0"/>
    <problemSummaryInfo attempts="0" index="2" isPending="false" isSolved="false" points="0" problemId="Quadrangles-6458124558755971533" solutionTime="0"/>
    <problemSummaryInfo attempts="0" index="3" isPending="false" isSolved="false" points="0" problemId="Routing-834357979615320098" solutionTime="0"/>
    <problemSummaryInfo attempts="0" index="4" isPending="false" isSolved="false" points="0" problemId="Faulty Towers--8192971929586764319" solutionTime="0"/>
    <problemSummaryInfo attempts="0" index="5" isPending="false" isSolved="false" points="0" problemId="London Bridge--3936367307030834338" solutionTime="0"/>
    <problemSummaryInfo attempts="0" index="6" isPending="false" isSolved="false" points="0" problemId="Finnigans Bluff--7882699855589292440" solutionTime="0"/>
  </teamStanding>
  <teamStanding firstSolved="-1" index="93" lastSolved="0" points="0" problemsAttempted="0" rank="4" solved="0" teamAlias="team94 (not aliasesd)" teamExternalId="3094" teamId="94" teamKey="3TEAM94" teamName="team94" teamSiteId="3" totalAttempts="0">
    <problemSummaryInfo attempts="0" index="1" isPending="false" isSolved="false" points="0" problemId="Sumit-4650904555601183866" solutionTime="0"/>
    <problemSummaryInfo attempts="0" index="2" isPending="false" isSolved="false" points="0" problemId="Quadrangles-6458124558755971533" solutionTime="0"/>
    <problemSummaryInfo attempts="0" index="3" isPending="false" isSolved="false" points="0" problemId="Routing-834357979615320098" solutionTime="0"/>
    <problemSummaryInfo attempts="0" index="4" isPending="false" isSolved="false" points="0" problemId="Faulty Towers--8192971929586764319" solutionTime="0"/>
    <problemSummaryInfo attempts="0" index="5" isPending="false" isSolved="false" points="0" problemId="London Bridge--3936367307030834338" solutionTime="0"/>
    <problemSummaryInfo attempts="0" index="6" isPending="false" isSolved="false" points="0" problemId="Finnigans Bluff--7882699855589292440" solutionTime="0"/>
  </teamStanding>
  <teamStanding firstSolved="-1" index="94" lastSolved="0" points="0" problemsAttempted="0" rank="4" solved="0" teamAlias="team95 (not aliasesd)" teamExternalId="3095" teamId="95" teamKey="3TEAM95" teamName="team95" teamSiteId="3" totalAttempts="0">
    <problemSummaryInfo attempts="0" index="1" isPending="false" isSolved="false" points="0" problemId="Sumit-4650904555601183866" solutionTime="0"/>
    <problemSummaryInfo attempts="0" index="2" isPending="false" isSolved="false" points="0" problemId="Quadrangles-6458124558755971533" solutionTime="0"/>
    <problemSummaryInfo attempts="0" index="3" isPending="false" isSolved="false" points="0" problemId="Routing-834357979615320098" solutionTime="0"/>
    <problemSummaryInfo attempts="0" index="4" isPending="false" isSolved="false" points="0" problemId="Faulty Towers--8192971929586764319" solutionTime="0"/>
    <problemSummaryInfo attempts="0" index="5" isPending="false" isSolved="false" points="0" problemId="London Bridge--3936367307030834338" solutionTime="0"/>
    <problemSummaryInfo attempts="0" index="6" isPending="false" isSolved="false" points="0" problemId="Finnigans Bluff--7882699855589292440" solutionTime="0"/>
  </teamStanding>
  <teamStanding firstSolved="-1" index="95" lastSolved="0" points="0" problemsAttempted="0" rank="4" solved="0" teamAlias="team96 (not aliasesd)" teamExternalId="3096" teamId="96" teamKey="3TEAM96" teamName="team96" teamSiteId="3" totalAttempts="0">
    <problemSummaryInfo attempts="0" index="1" isPending="false" isSolved="false" points="0" problemId="Sumit-4650904555601183866" solutionTime="0"/>
    <problemSummaryInfo attempts="0" index="2" isPending="false" isSolved="false" points="0" problemId="Quadrangles-6458124558755971533" solutionTime="0"/>
    <problemSummaryInfo attempts="0" index="3" isPending="false" isSolved="false" points="0" problemId="Routing-834357979615320098" solutionTime="0"/>
    <problemSummaryInfo attempts="0" index="4" isPending="false" isSolved="false" points="0" problemId="Faulty Towers--8192971929586764319" solutionTime="0"/>
    <problemSummaryInfo attempts="0" index="5" isPending="false" isSolved="false" points="0" problemId="London Bridge--3936367307030834338" solutionTime="0"/>
    <problemSummaryInfo attempts="0" index="6" isPending="false" isSolved="false" points="0" problemId="Finnigans Bluff--7882699855589292440" solutionTime="0"/>
  </teamStanding>
  <teamStanding firstSolved="-1" index="96" lastSolved="0" points="0" problemsAttempted="0" rank="4" solved="0" teamAlias="team97 (not aliasesd)" teamExternalId="3097" teamId="97" teamKey="3TEAM97" teamName="team97" teamSiteId="3" totalAttempts="0">
    <problemSummaryInfo attempts="0" index="1" isPending="false" isSolved="false" points="0" problemId="Sumit-4650904555601183866" solutionTime="0"/>
    <problemSummaryInfo attempts="0" index="2" isPending="false" isSolved="false" points="0" problemId="Quadrangles-6458124558755971533" solutionTime="0"/>
    <problemSummaryInfo attempts="0" index="3" isPending="false" isSolved="false" points="0" problemId="Routing-834357979615320098" solutionTime="0"/>
    <problemSummaryInfo attempts="0" index="4" isPending="false" isSolved="false" points="0" problemId="Faulty Towers--8192971929586764319" solutionTime="0"/>
    <problemSummaryInfo attempts="0" index="5" isPending="false" isSolved="false" points="0" problemId="London Bridge--3936367307030834338" solutionTime="0"/>
    <problemSummaryInfo attempts="0" index="6" isPending="false" isSolved="false" points="0" problemId="Finnigans Bluff--7882699855589292440" solutionTime="0"/>
  </teamStanding>
  <teamStanding firstSolved="-1" index="97" lastSolved="0" points="0" problemsAttempted="0" rank="4" solved="0" teamAlias="team98 (not aliasesd)" teamExternalId="3098" teamId="98" teamKey="3TEAM98" teamName="team98" teamSiteId="3" totalAttempts="0">
    <problemSummaryInfo attempts="0" index="1" isPending="false" isSolved="false" points="0" problemId="Sumit-4650904555601183866" solutionTime="0"/>
    <problemSummaryInfo attempts="0" index="2" isPending="false" isSolved="false" points="0" problemId="Quadrangles-6458124558755971533" solutionTime="0"/>
    <problemSummaryInfo attempts="0" index="3" isPending="false" isSolved="false" points="0" problemId="Routing-834357979615320098" solutionTime="0"/>
    <problemSummaryInfo attempts="0" index="4" isPending="false" isSolved="false" points="0" problemId="Faulty Towers--8192971929586764319" solutionTime="0"/>
    <problemSummaryInfo attempts="0" index="5" isPending="false" isSolved="false" points="0" problemId="London Bridge--3936367307030834338" solutionTime="0"/>
    <problemSummaryInfo attempts="0" index="6" isPending="false" isSolved="false" points="0" problemId="Finnigans Bluff--7882699855589292440" solutionTime="0"/>
  </teamStanding>
  <teamStanding firstSolved="-1" index="98" lastSolved="0" points="0" problemsAttempted="0" rank="4" solved="0" teamAlias="team99 (not aliasesd)" teamExternalId="3099" teamId="99" teamKey="3TEAM99" teamName="team99" teamSiteId="3" totalAttempts="0">
    <problemSummaryInfo attempts="0" index="1" isPending="false" isSolved="false" points="0" problemId="Sumit-4650904555601183866" solutionTime="0"/>
    <problemSummaryInfo attempts="0" index="2" isPending="false" isSolved="false" points="0" problemId="Quadrangles-6458124558755971533" solutionTime="0"/>
    <problemSummaryInfo attempts="0" index="3" isPending="false" isSolved="false" points="0" problemId="Routing-834357979615320098" solutionTime="0"/>
    <problemSummaryInfo attempts="0" index="4" isPending="false" isSolved="false" points="0" problemId="Faulty Towers--8192971929586764319" solutionTime="0"/>
    <problemSummaryInfo attempts="0" index="5" isPending="false" isSolved="false" points="0" problemId="London Bridge--3936367307030834338" solutionTime="0"/>
    <problemSummaryInfo attempts="0" index="6" isPending="false" isSolved="false" points="0" problemId="Finnigans Bluff--7882699855589292440" solutionTime="0"/>
  </teamStanding>
  <teamStanding firstSolved="-1" index="99" lastSolved="0" points="0" problemsAttempted="0" rank="4" solved="0" teamAlias="team100 (not aliasesd)" teamExternalId="3100" teamId="100" teamKey="3TEAM100" teamName="team100" teamSiteId="3" totalAttempts="0">
    <problemSummaryInfo attempts="0" index="1" isPending="false" isSolved="false" points="0" problemId="Sumit-4650904555601183866" solutionTime="0"/>
    <problemSummaryInfo attempts="0" index="2" isPending="false" isSolved="false" points="0" problemId="Quadrangles-6458124558755971533" solutionTime="0"/>
    <problemSummaryInfo attempts="0" index="3" isPending="false" isSolved="false" points="0" problemId="Routing-834357979615320098" solutionTime="0"/>
    <problemSummaryInfo attempts="0" index="4" isPending="false" isSolved="false" points="0" problemId="Faulty Towers--8192971929586764319" solutionTime="0"/>
    <problemSummaryInfo attempts="0" index="5" isPending="false" isSolved="false" points="0" problemId="London Bridge--3936367307030834338" solutionTime="0"/>
    <problemSummaryInfo attempts="0" index="6" isPending="false" isSolved="false" points="0" problemId="Finnigans Bluff--7882699855589292440" solutionTime="0"/>
  </teamStanding>
  <teamStanding firstSolved="-1" index="100" lastSolved="0" points="0" problemsAttempted="0" rank="4" solved="0" teamAlias="team101 (not aliasesd)" teamExternalId="3101" teamId="101" teamKey="3TEAM101" teamName="team101" teamSiteId="3" totalAttempts="0">
    <problemSummaryInfo attempts="0" index="1" isPending="false" isSolved="false" points="0" problemId="Sumit-4650904555601183866" solutionTime="0"/>
    <problemSummaryInfo attempts="0" index="2" isPending="false" isSolved="false" points="0" problemId="Quadrangles-6458124558755971533" solutionTime="0"/>
    <problemSummaryInfo attempts="0" index="3" isPending="false" isSolved="false" points="0" problemId="Routing-834357979615320098" solutionTime="0"/>
    <problemSummaryInfo attempts="0" index="4" isPending="false" isSolved="false" points="0" problemId="Faulty Towers--8192971929586764319" solutionTime="0"/>
    <problemSummaryInfo attempts="0" index="5" isPending="false" isSolved="false" points="0" problemId="London Bridge--3936367307030834338" solutionTime="0"/>
    <problemSummaryInfo attempts="0" index="6" isPending="false" isSolved="false" points="0" problemId="Finnigans Bluff--7882699855589292440" solutionTime="0"/>
  </teamStanding>
  <teamStanding firstSolved="-1" index="101" lastSolved="0" points="0" problemsAttempted="0" rank="4" solved="0" teamAlias="team102 (not aliasesd)" teamExternalId="3102" teamId="102" teamKey="3TEAM102" teamName="team102" teamSiteId="3" totalAttempts="0">
    <problemSummaryInfo attempts="0" index="1" isPending="false" isSolved="false" points="0" problemId="Sumit-4650904555601183866" solutionTime="0"/>
    <problemSummaryInfo attempts="0" index="2" isPending="false" isSolved="false" points="0" problemId="Quadrangles-6458124558755971533" solutionTime="0"/>
    <problemSummaryInfo attempts="0" index="3" isPending="false" isSolved="false" points="0" problemId="Routing-834357979615320098" solutionTime="0"/>
    <problemSummaryInfo attempts="0" index="4" isPending="false" isSolved="false" points="0" problemId="Faulty Towers--8192971929586764319" solutionTime="0"/>
    <problemSummaryInfo attempts="0" index="5" isPending="false" isSolved="false" points="0" problemId="London Bridge--3936367307030834338" solutionTime="0"/>
    <problemSummaryInfo attempts="0" index="6" isPending="false" isSolved="false" points="0" problemId="Finnigans Bluff--7882699855589292440" solutionTime="0"/>
  </teamStanding>
  <teamStanding firstSolved="-1" index="102" lastSolved="0" points="0" problemsAttempted="0" rank="4" solved="0" teamAlias="team103 (not aliasesd)" teamExternalId="3103" teamId="103" teamKey="3TEAM103" teamName="team103" teamSiteId="3" totalAttempts="0">
    <problemSummaryInfo attempts="0" index="1" isPending="false" isSolved="false" points="0" problemId="Sumit-4650904555601183866" solutionTime="0"/>
    <problemSummaryInfo attempts="0" index="2" isPending="false" isSolved="false" points="0" problemId="Quadrangles-6458124558755971533" solutionTime="0"/>
    <problemSummaryInfo attempts="0" index="3" isPending="false" isSolved="false" points="0" problemId="Routing-834357979615320098" solutionTime="0"/>
    <problemSummaryInfo attempts="0" index="4" isPending="false" isSolved="false" points="0" problemId="Faulty Towers--8192971929586764319" solutionTime="0"/>
    <problemSummaryInfo attempts="0" index="5" isPending="false" isSolved="false" points="0" problemId="London Bridge--3936367307030834338" solutionTime="0"/>
    <problemSummaryInfo attempts="0" index="6" isPending="false" isSolved="false" points="0" problemId="Finnigans Bluff--7882699855589292440" solutionTime="0"/>
  </teamStanding>
  <teamStanding firstSolved="-1" index="103" lastSolved="0" points="0" problemsAttempted="0" rank="4" solved="0" teamAlias="team104 (not aliasesd)" teamExternalId="3104" teamId="104" teamKey="3TEAM104" teamName="team104" teamSiteId="3" totalAttempts="0">
    <problemSummaryInfo attempts="0" index="1" isPending="false" isSolved="false" points="0" problemId="Sumit-4650904555601183866" solutionTime="0"/>
    <problemSummaryInfo attempts="0" index="2" isPending="false" isSolved="false" points="0" problemId="Quadrangles-6458124558755971533" solutionTime="0"/>
    <problemSummaryInfo attempts="0" index="3" isPending="false" isSolved="false" points="0" problemId="Routing-834357979615320098" solutionTime="0"/>
    <problemSummaryInfo attempts="0" index="4" isPending="false" isSolved="false" points="0" problemId="Faulty Towers--8192971929586764319" solutionTime="0"/>
    <problemSummaryInfo attempts="0" index="5" isPending="false" isSolved="false" points="0" problemId="London Bridge--3936367307030834338" solutionTime="0"/>
    <problemSummaryInfo attempts="0" index="6" isPending="false" isSolved="false" points="0" problemId="Finnigans Bluff--7882699855589292440" solutionTime="0"/>
  </teamStanding>
  <teamStanding firstSolved="-1" index="104" lastSolved="0" points="0" problemsAttempted="0" rank="4" solved="0" teamAlias="team105 (not aliasesd)" teamExternalId="3105" teamId="105" teamKey="3TEAM105" teamName="team105" teamSiteId="3" totalAttempts="0">
    <problemSummaryInfo attempts="0" index="1" isPending="false" isSolved="false" points="0" problemId="Sumit-4650904555601183866" solutionTime="0"/>
    <problemSummaryInfo attempts="0" index="2" isPending="false" isSolved="false" points="0" problemId="Quadrangles-6458124558755971533" solutionTime="0"/>
    <problemSummaryInfo attempts="0" index="3" isPending="false" isSolved="false" points="0" problemId="Routing-834357979615320098" solutionTime="0"/>
    <problemSummaryInfo attempts="0" index="4" isPending="false" isSolved="false" points="0" problemId="Faulty Towers--8192971929586764319" solutionTime="0"/>
    <problemSummaryInfo attempts="0" index="5" isPending="false" isSolved="false" points="0" problemId="London Bridge--3936367307030834338" solutionTime="0"/>
    <problemSummaryInfo attempts="0" index="6" isPending="false" isSolved="false" points="0" problemId="Finnigans Bluff--7882699855589292440" solutionTime="0"/>
  </teamStanding>
  <teamStanding firstSolved="-1" index="105" lastSolved="0" points="0" problemsAttempted="0" rank="4" solved="0" teamAlias="team106 (not aliasesd)" teamExternalId="3106" teamId="106" teamKey="3TEAM106" teamName="team106" teamSiteId="3" totalAttempts="0">
    <problemSummaryInfo attempts="0" index="1" isPending="false" isSolved="false" points="0" problemId="Sumit-4650904555601183866" solutionTime="0"/>
    <problemSummaryInfo attempts="0" index="2" isPending="false" isSolved="false" points="0" problemId="Quadrangles-6458124558755971533" solutionTime="0"/>
    <problemSummaryInfo attempts="0" index="3" isPending="false" isSolved="false" points="0" problemId="Routing-834357979615320098" solutionTime="0"/>
    <problemSummaryInfo attempts="0" index="4" isPending="false" isSolved="false" points="0" problemId="Faulty Towers--8192971929586764319" solutionTime="0"/>
    <problemSummaryInfo attempts="0" index="5" isPending="false" isSolved="false" points="0" problemId="London Bridge--3936367307030834338" solutionTime="0"/>
    <problemSummaryInfo attempts="0" index="6" isPending="false" isSolved="false" points="0" problemId="Finnigans Bluff--7882699855589292440" solutionTime="0"/>
  </teamStanding>
  <teamStanding firstSolved="-1" index="106" lastSolved="0" points="0" problemsAttempted="0" rank="4" solved="0" teamAlias="team107 (not aliasesd)" teamExternalId="3107" teamId="107" teamKey="3TEAM107" teamName="team107" teamSiteId="3" totalAttempts="0">
    <problemSummaryInfo attempts="0" index="1" isPending="false" isSolved="false" points="0" problemId="Sumit-4650904555601183866" solutionTime="0"/>
    <problemSummaryInfo attempts="0" index="2" isPending="false" isSolved="false" points="0" problemId="Quadrangles-6458124558755971533" solutionTime="0"/>
    <problemSummaryInfo attempts="0" index="3" isPending="false" isSolved="false" points="0" problemId="Routing-834357979615320098" solutionTime="0"/>
    <problemSummaryInfo attempts="0" index="4" isPending="false" isSolved="false" points="0" problemId="Faulty Towers--8192971929586764319" solutionTime="0"/>
    <problemSummaryInfo attempts="0" index="5" isPending="false" isSolved="false" points="0" problemId="London Bridge--3936367307030834338" solutionTime="0"/>
    <problemSummaryInfo attempts="0" index="6" isPending="false" isSolved="false" points="0" problemId="Finnigans Bluff--7882699855589292440" solutionTime="0"/>
  </teamStanding>
  <teamStanding firstSolved="-1" index="107" lastSolved="0" points="0" problemsAttempted="0" rank="4" solved="0" teamAlias="team108 (not aliasesd)" teamExternalId="3108" teamId="108" teamKey="3TEAM108" teamName="team108" teamSiteId="3" totalAttempts="0">
    <problemSummaryInfo attempts="0" index="1" isPending="false" isSolved="false" points="0" problemId="Sumit-4650904555601183866" solutionTime="0"/>
    <problemSummaryInfo attempts="0" index="2" isPending="false" isSolved="false" points="0" problemId="Quadrangles-6458124558755971533" solutionTime="0"/>
    <problemSummaryInfo attempts="0" index="3" isPending="false" isSolved="false" points="0" problemId="Routing-834357979615320098" solutionTime="0"/>
    <problemSummaryInfo attempts="0" index="4" isPending="false" isSolved="false" points="0" problemId="Faulty Towers--8192971929586764319" solutionTime="0"/>
    <problemSummaryInfo attempts="0" index="5" isPending="false" isSolved="false" points="0" problemId="London Bridge--3936367307030834338" solutionTime="0"/>
    <problemSummaryInfo attempts="0" index="6" isPending="false" isSolved="false" points="0" problemId="Finnigans Bluff--7882699855589292440" solutionTime="0"/>
  </teamStanding>
  <teamStanding firstSolved="-1" index="108" lastSolved="0" points="0" problemsAttempted="0" rank="4" solved="0" teamAlias="team109 (not aliasesd)" teamExternalId="3109" teamId="109" teamKey="3TEAM109" teamName="team109" teamSiteId="3" totalAttempts="0">
    <problemSummaryInfo attempts="0" index="1" isPending="false" isSolved="false" points="0" problemId="Sumit-4650904555601183866" solutionTime="0"/>
    <problemSummaryInfo attempts="0" index="2" isPending="false" isSolved="false" points="0" problemId="Quadrangles-6458124558755971533" solutionTime="0"/>
    <problemSummaryInfo attempts="0" index="3" isPending="false" isSolved="false" points="0" problemId="Routing-834357979615320098" solutionTime="0"/>
    <problemSummaryInfo attempts="0" index="4" isPending="false" isSolved="false" points="0" problemId="Faulty Towers--8192971929586764319" solutionTime="0"/>
    <problemSummaryInfo attempts="0" index="5" isPending="false" isSolved="false" points="0" problemId="London Bridge--3936367307030834338" solutionTime="0"/>
    <problemSummaryInfo attempts="0" index="6" isPending="false" isSolved="false" points="0" problemId="Finnigans Bluff--7882699855589292440" solutionTime="0"/>
  </teamStanding>
  <teamStanding firstSolved="-1" index="109" lastSolved="0" points="0" problemsAttempted="0" rank="4" solved="0" teamAlias="team110 (not aliasesd)" teamExternalId="3110" teamId="110" teamKey="3TEAM110" teamName="team110" teamSiteId="3" totalAttempts="0">
    <problemSummaryInfo attempts="0" index="1" isPending="false" isSolved="false" points="0" problemId="Sumit-4650904555601183866" solutionTime="0"/>
    <problemSummaryInfo attempts="0" index="2" isPending="false" isSolved="false" points="0" problemId="Quadrangles-6458124558755971533" solutionTime="0"/>
    <problemSummaryInfo attempts="0" index="3" isPending="false" isSolved="false" points="0" problemId="Routing-834357979615320098" solutionTime="0"/>
    <problemSummaryInfo attempts="0" index="4" isPending="false" isSolved="false" points="0" problemId="Faulty Towers--8192971929586764319" solutionTime="0"/>
    <problemSummaryInfo attempts="0" index="5" isPending="false" isSolved="false" points="0" problemId="London Bridge--3936367307030834338" solutionTime="0"/>
    <problemSummaryInfo attempts="0" index="6" isPending="false" isSolved="false" points="0" problemId="Finnigans Bluff--7882699855589292440" solutionTime="0"/>
  </teamStanding>
  <teamStanding firstSolved="-1" index="110" lastSolved="0" points="0" problemsAttempted="0" rank="4" solved="0" teamAlias="team111 (not aliasesd)" teamExternalId="3111" teamId="111" teamKey="3TEAM111" teamName="team111" teamSiteId="3" totalAttempts="0">
    <problemSummaryInfo attempts="0" index="1" isPending="false" isSolved="false" points="0" problemId="Sumit-4650904555601183866" solutionTime="0"/>
    <problemSummaryInfo attempts="0" index="2" isPending="false" isSolved="false" points="0" problemId="Quadrangles-6458124558755971533" solutionTime="0"/>
    <problemSummaryInfo attempts="0" index="3" isPending="false" isSolved="false" points="0" problemId="Routing-834357979615320098" solutionTime="0"/>
    <problemSummaryInfo attempts="0" index="4" isPending="false" isSolved="false" points="0" problemId="Faulty Towers--8192971929586764319" solutionTime="0"/>
    <problemSummaryInfo attempts="0" index="5" isPending="false" isSolved="false" points="0" problemId="London Bridge--3936367307030834338" solutionTime="0"/>
    <problemSummaryInfo attempts="0" index="6" isPending="false" isSolved="false" points="0" problemId="Finnigans Bluff--7882699855589292440" solutionTime="0"/>
  </teamStanding>
  <teamStanding firstSolved="-1" index="111" lastSolved="0" points="0" problemsAttempted="0" rank="4" solved="0" teamAlias="team112 (not aliasesd)" teamExternalId="3112" teamId="112" teamKey="3TEAM112" teamName="team112" teamSiteId="3" totalAttempts="0">
    <problemSummaryInfo attempts="0" index="1" isPending="false" isSolved="false" points="0" problemId="Sumit-4650904555601183866" solutionTime="0"/>
    <problemSummaryInfo attempts="0" index="2" isPending="false" isSolved="false" points="0" problemId="Quadrangles-6458124558755971533" solutionTime="0"/>
    <problemSummaryInfo attempts="0" index="3" isPending="false" isSolved="false" points="0" problemId="Routing-834357979615320098" solutionTime="0"/>
    <problemSummaryInfo attempts="0" index="4" isPending="false" isSolved="false" points="0" problemId="Faulty Towers--8192971929586764319" solutionTime="0"/>
    <problemSummaryInfo attempts="0" index="5" isPending="false" isSolved="false" points="0" problemId="London Bridge--3936367307030834338" solutionTime="0"/>
    <problemSummaryInfo attempts="0" index="6" isPending="false" isSolved="false" points="0" problemId="Finnigans Bluff--7882699855589292440" solutionTime="0"/>
  </teamStanding>
  <teamStanding firstSolved="-1" index="112" lastSolved="0" points="0" problemsAttempted="0" rank="4" solved="0" teamAlias="team113 (not aliasesd)" teamExternalId="3113" teamId="113" teamKey="3TEAM113" teamName="team113" teamSiteId="3" totalAttempts="0">
    <problemSummaryInfo attempts="0" index="1" isPending="false" isSolved="false" points="0" problemId="Sumit-4650904555601183866" solutionTime="0"/>
    <problemSummaryInfo attempts="0" index="2" isPending="false" isSolved="false" points="0" problemId="Quadrangles-6458124558755971533" solutionTime="0"/>
    <problemSummaryInfo attempts="0" index="3" isPending="false" isSolved="false" points="0" problemId="Routing-834357979615320098" solutionTime="0"/>
    <problemSummaryInfo attempts="0" index="4" isPending="false" isSolved="false" points="0" problemId="Faulty Towers--8192971929586764319" solutionTime="0"/>
    <problemSummaryInfo attempts="0" index="5" isPending="false" isSolved="false" points="0" problemId="London Bridge--3936367307030834338" solutionTime="0"/>
    <problemSummaryInfo attempts="0" index="6" isPending="false" isSolved="false" points="0" problemId="Finnigans Bluff--7882699855589292440" solutionTime="0"/>
  </teamStanding>
  <teamStanding firstSolved="-1" index="113" lastSolved="0" points="0" problemsAttempted="0" rank="4" solved="0" teamAlias="team114 (not aliasesd)" teamExternalId="3114" teamId="114" teamKey="3TEAM114" teamName="team114" teamSiteId="3" totalAttempts="0">
    <problemSummaryInfo attempts="0" index="1" isPending="false" isSolved="false" points="0" problemId="Sumit-4650904555601183866" solutionTime="0"/>
    <problemSummaryInfo attempts="0" index="2" isPending="false" isSolved="false" points="0" problemId="Quadrangles-6458124558755971533" solutionTime="0"/>
    <problemSummaryInfo attempts="0" index="3" isPending="false" isSolved="false" points="0" problemId="Routing-834357979615320098" solutionTime="0"/>
    <problemSummaryInfo attempts="0" index="4" isPending="false" isSolved="false" points="0" problemId="Faulty Towers--8192971929586764319" solutionTime="0"/>
    <problemSummaryInfo attempts="0" index="5" isPending="false" isSolved="false" points="0" problemId="London Bridge--3936367307030834338" solutionTime="0"/>
    <problemSummaryInfo attempts="0" index="6" isPending="false" isSolved="false" points="0" problemId="Finnigans Bluff--7882699855589292440" solutionTime="0"/>
  </teamStanding>
  <teamStanding firstSolved="-1" index="114" lastSolved="0" points="0" problemsAttempted="0" rank="4" solved="0" teamAlias="team115 (not aliasesd)" teamExternalId="3115" teamId="115" teamKey="3TEAM115" teamName="team115" teamSiteId="3" totalAttempts="0">
    <problemSummaryInfo attempts="0" index="1" isPending="false" isSolved="false" points="0" problemId="Sumit-4650904555601183866" solutionTime="0"/>
    <problemSummaryInfo attempts="0" index="2" isPending="false" isSolved="false" points="0" problemId="Quadrangles-6458124558755971533" solutionTime="0"/>
    <problemSummaryInfo attempts="0" index="3" isPending="false" isSolved="false" points="0" problemId="Routing-834357979615320098" solutionTime="0"/>
    <problemSummaryInfo attempts="0" index="4" isPending="false" isSolved="false" points="0" problemId="Faulty Towers--8192971929586764319" solutionTime="0"/>
    <problemSummaryInfo attempts="0" index="5" isPending="false" isSolved="false" points="0" problemId="London Bridge--3936367307030834338" solutionTime="0"/>
    <problemSummaryInfo attempts="0" index="6" isPending="false" isSolved="false" points="0" problemId="Finnigans Bluff--7882699855589292440" solutionTime="0"/>
  </teamStanding>
  <teamStanding firstSolved="-1" index="115" lastSolved="0" points="0" problemsAttempted="0" rank="4" solved="0" teamAlias="team116 (not aliasesd)" teamExternalId="3116" teamId="116" teamKey="3TEAM116" teamName="team116" teamSiteId="3" totalAttempts="0">
    <problemSummaryInfo attempts="0" index="1" isPending="false" isSolved="false" points="0" problemId="Sumit-4650904555601183866" solutionTime="0"/>
    <problemSummaryInfo attempts="0" index="2" isPending="false" isSolved="false" points="0" problemId="Quadrangles-6458124558755971533" solutionTime="0"/>
    <problemSummaryInfo attempts="0" index="3" isPending="false" isSolved="false" points="0" problemId="Routing-834357979615320098" solutionTime="0"/>
    <problemSummaryInfo attempts="0" index="4" isPending="false" isSolved="false" points="0" problemId="Faulty Towers--8192971929586764319" solutionTime="0"/>
    <problemSummaryInfo attempts="0" index="5" isPending="false" isSolved="false" points="0" problemId="London Bridge--3936367307030834338" solutionTime="0"/>
    <problemSummaryInfo attempts="0" index="6" isPending="false" isSolved="false" points="0" problemId="Finnigans Bluff--7882699855589292440" solutionTime="0"/>
  </teamStanding>
  <teamStanding firstSolved="-1" index="116" lastSolved="0" points="0" problemsAttempted="0" rank="4" solved="0" teamAlias="team117 (not aliasesd)" teamExternalId="3117" teamId="117" teamKey="3TEAM117" teamName="team117" teamSiteId="3" totalAttempts="0">
    <problemSummaryInfo attempts="0" index="1" isPending="false" isSolved="false" points="0" problemId="Sumit-4650904555601183866" solutionTime="0"/>
    <problemSummaryInfo attempts="0" index="2" isPending="false" isSolved="false" points="0" problemId="Quadrangles-6458124558755971533" solutionTime="0"/>
    <problemSummaryInfo attempts="0" index="3" isPending="false" isSolved="false" points="0" problemId="Routing-834357979615320098" solutionTime="0"/>
    <problemSummaryInfo attempts="0" index="4" isPending="false" isSolved="false" points="0" problemId="Faulty Towers--8192971929586764319" solutionTime="0"/>
    <problemSummaryInfo attempts="0" index="5" isPending="false" isSolved="false" points="0" problemId="London Bridge--3936367307030834338" solutionTime="0"/>
    <problemSummaryInfo attempts="0" index="6" isPending="false" isSolved="false" points="0" problemId="Finnigans Bluff--7882699855589292440" solutionTime="0"/>
  </teamStanding>
  <teamStanding firstSolved="-1" index="117" lastSolved="0" points="0" problemsAttempted="0" rank="4" solved="0" teamAlias="team118 (not aliasesd)" teamExternalId="3118" teamId="118" teamKey="3TEAM118" teamName="team118" teamSiteId="3" totalAttempts="0">
    <problemSummaryInfo attempts="0" index="1" isPending="false" isSolved="false" points="0" problemId="Sumit-4650904555601183866" solutionTime="0"/>
    <problemSummaryInfo attempts="0" index="2" isPending="false" isSolved="false" points="0" problemId="Quadrangles-6458124558755971533" solutionTime="0"/>
    <problemSummaryInfo attempts="0" index="3" isPending="false" isSolved="false" points="0" problemId="Routing-834357979615320098" solutionTime="0"/>
    <problemSummaryInfo attempts="0" index="4" isPending="false" isSolved="false" points="0" problemId="Faulty Towers--8192971929586764319" solutionTime="0"/>
    <problemSummaryInfo attempts="0" index="5" isPending="false" isSolved="false" points="0" problemId="London Bridge--3936367307030834338" solutionTime="0"/>
    <problemSummaryInfo attempts="0" index="6" isPending="false" isSolved="false" points="0" problemId="Finnigans Bluff--7882699855589292440" solutionTime="0"/>
  </teamStanding>
  <teamStanding firstSolved="-1" index="118" lastSolved="0" points="0" problemsAttempted="0" rank="4" solved="0" teamAlias="team119 (not aliasesd)" teamExternalId="3119" teamId="119" teamKey="3TEAM119" teamName="team119" teamSiteId="3" totalAttempts="0">
    <problemSummaryInfo attempts="0" index="1" isPending="false" isSolved="false" points="0" problemId="Sumit-4650904555601183866" solutionTime="0"/>
    <problemSummaryInfo attempts="0" index="2" isPending="false" isSolved="false" points="0" problemId="Quadrangles-6458124558755971533" solutionTime="0"/>
    <problemSummaryInfo attempts="0" index="3" isPending="false" isSolved="false" points="0" problemId="Routing-834357979615320098" solutionTime="0"/>
    <problemSummaryInfo attempts="0" index="4" isPending="false" isSolved="false" points="0" problemId="Faulty Towers--8192971929586764319" solutionTime="0"/>
    <problemSummaryInfo attempts="0" index="5" isPending="false" isSolved="false" points="0" problemId="London Bridge--3936367307030834338" solutionTime="0"/>
    <problemSummaryInfo attempts="0" index="6" isPending="false" isSolved="false" points="0" problemId="Finnigans Bluff--7882699855589292440" solutionTime="0"/>
  </teamStanding>
  <teamStanding firstSolved="-1" index="119" lastSolved="0" points="0" problemsAttempted="0" rank="4" solved="0" teamAlias="team120 (not aliasesd)" teamExternalId="3120" teamId="120" teamKey="3TEAM120" teamName="team120" teamSiteId="3" totalAttempts="0">
    <problemSummaryInfo attempts="0" index="1" isPending="false" isSolved="false" points="0" problemId="Sumit-4650904555601183866" solutionTime="0"/>
    <problemSummaryInfo attempts="0" index="2" isPending="false" isSolved="false" points="0" problemId="Quadrangles-6458124558755971533" solutionTime="0"/>
    <problemSummaryInfo attempts="0" index="3" isPending="false" isSolved="false" points="0" problemId="Routing-834357979615320098" solutionTime="0"/>
    <problemSummaryInfo attempts="0" index="4" isPending="false" isSolved="false" points="0" problemId="Faulty Towers--8192971929586764319" solutionTime="0"/>
    <problemSummaryInfo attempts="0" index="5" isPending="false" isSolved="false" points="0" problemId="London Bridge--3936367307030834338" solutionTime="0"/>
    <problemSummaryInfo attempts="0" index="6" isPending="false" isSolved="false" points="0" problemId="Finnigans Bluff--7882699855589292440" solutionTime="0"/>
  </teamStanding>
</contestStandings>
